[0m16:55:56.872851 [debug] [MainThread]: Sending event: {'category': 'dbt', 'action': 'invocation', 'label': 'start', 'context': [<snowplow_tracker.self_describing_json.SelfDescribingJson object at 0x000001C231B58110>, <snowplow_tracker.self_describing_json.SelfDescribingJson object at 0x000001C231B217D0>, <snowplow_tracker.self_describing_json.SelfDescribingJson object at 0x000001C231B21690>]}


============================== 16:55:56.878201 | 129c74ae-f95f-4d6c-a500-a553bb7ea4c2 ==============================
[0m16:55:56.878201 [info ] [MainThread]: Running with dbt=1.11.7
[0m16:55:56.878201 [debug] [MainThread]: running dbt with arguments {'version_check': 'True', 'no_print': 'None', 'static_parser': 'True', 'warn_error_options': 'WarnErrorOptionsV2(error=[], warn=[], silence=[])', 'target_path': 'None', 'printer_width': '80', 'write_json': 'True', 'empty': 'None', 'log_cache_events': 'False', 'introspect': 'True', 'cache_selected_only': 'False', 'fail_fast': 'False', 'debug': 'False', 'log_format': 'default', 'partial_parse': 'True', 'send_anonymous_usage_stats': 'True', 'quiet': 'False', 'warn_error': 'None', 'profiles_dir': 'C:\\Users\\fcominetti\\.dbt', 'indirect_selection': 'eager', 'use_colors': 'True', 'invocation_command': 'dbt init sportlake_dbt', 'use_experimental_parser': 'False', 'log_path': 'logs'}
[0m16:55:56.924407 [debug] [MainThread]: Starter project path: C:\Users\fcominetti\Projects\sportlake_airflow_dbt_sqlserver\.venv-py311\Lib\site-packages\dbt\include\starter_project
[0m16:55:57.036687 [info ] [MainThread]: 
Your new dbt project "sportlake_dbt" was created!

For more information on how to configure the profiles.yml file,
please consult the dbt documentation here:

  https://docs.getdbt.com/docs/configure-your-profile

One more thing:

Need help? Don't hesitate to reach out to us via GitHub issues or on Slack:

  https://community.getdbt.com/

Happy modeling!

[0m16:55:57.036687 [info ] [MainThread]: Setting up your profile.
[0m16:57:21.980427 [info ] [MainThread]: Profile sportlake_dbt written to C:\Users\fcominetti\.dbt\profiles.yml using target's profile_template.yml and your supplied values. Run 'dbt debug' to validate the connection.
[0m16:57:21.983530 [debug] [MainThread]: Command `dbt init` succeeded at 16:57:21.983530 after 85.31 seconds
[0m16:57:21.984544 [debug] [MainThread]: Sending event: {'category': 'dbt', 'action': 'invocation', 'label': 'end', 'context': [<snowplow_tracker.self_describing_json.SelfDescribingJson object at 0x000001C231B73ED0>, <snowplow_tracker.self_describing_json.SelfDescribingJson object at 0x000001C231B73790>, <snowplow_tracker.self_describing_json.SelfDescribingJson object at 0x000001C229F9CB10>]}
[0m16:57:21.985537 [debug] [MainThread]: Flushing usage events
[0m16:57:22.911764 [debug] [MainThread]: An error was encountered while trying to flush usage events
[0m16:57:33.851465 [debug] [MainThread]: Sending event: {'category': 'dbt', 'action': 'invocation', 'label': 'start', 'context': [<snowplow_tracker.self_describing_json.SelfDescribingJson object at 0x00000233C80A3E50>, <snowplow_tracker.self_describing_json.SelfDescribingJson object at 0x00000233C80BB890>, <snowplow_tracker.self_describing_json.SelfDescribingJson object at 0x00000233C8408AD0>]}


============================== 16:57:33.858610 | 0be84906-3ce5-410c-a6e7-e0880ed59c02 ==============================
[0m16:57:33.858610 [info ] [MainThread]: Running with dbt=1.11.7
[0m16:57:33.858610 [debug] [MainThread]: running dbt with arguments {'static_parser': 'True', 'no_print': 'None', 'version_check': 'True', 'target_path': 'None', 'warn_error_options': 'WarnErrorOptionsV2(error=[], warn=[], silence=[])', 'printer_width': '80', 'write_json': 'True', 'introspect': 'True', 'log_cache_events': 'False', 'empty': 'None', 'cache_selected_only': 'False', 'log_format': 'default', 'debug': 'False', 'fail_fast': 'False', 'partial_parse': 'True', 'send_anonymous_usage_stats': 'True', 'quiet': 'False', 'warn_error': 'None', 'profiles_dir': 'C:\\Users\\fcominetti\\.dbt', 'indirect_selection': 'eager', 'use_colors': 'True', 'invocation_command': 'dbt debug', 'use_experimental_parser': 'False', 'log_path': 'logs'}
[0m16:57:33.903185 [info ] [MainThread]: dbt version: 1.11.7
[0m16:57:33.903185 [info ] [MainThread]: python version: 3.11.9
[0m16:57:33.903185 [info ] [MainThread]: python path: C:\Users\fcominetti\Projects\sportlake_airflow_dbt_sqlserver\.venv-py311\Scripts\python.exe
[0m16:57:33.903185 [info ] [MainThread]: os info: Windows-10-10.0.26100-SP0
[0m16:57:34.868382 [info ] [MainThread]: Using profiles dir at C:\Users\fcominetti\.dbt
[0m16:57:34.868867 [info ] [MainThread]: Using profiles.yml file at C:\Users\fcominetti\.dbt\profiles.yml
[0m16:57:34.870382 [info ] [MainThread]: Using dbt_project.yml file at C:\Users\fcominetti\Projects\sportlake_airflow_dbt_sqlserver\dbt_project.yml
[0m16:57:34.870964 [info ] [MainThread]: Configuration:
[0m16:57:34.870964 [info ] [MainThread]:   profiles.yml file [[31mERROR invalid[0m]
[0m16:57:34.872503 [info ] [MainThread]:   dbt_project.yml file [[31mERROR not found[0m]
[0m16:57:34.872503 [info ] [MainThread]: Required dependencies:
[0m16:57:34.873952 [debug] [MainThread]: Executing "git --help"
[0m16:57:35.025815 [debug] [MainThread]: STDOUT: "b"usage: git [-v | --version] [-h | --help] [-C <path>] [-c <name>=<value>]\n           [--exec-path[=<path>]] [--html-path] [--man-path] [--info-path]\n           [-p | --paginate | -P | --no-pager] [--no-replace-objects] [--no-lazy-fetch]\n           [--no-optional-locks] [--no-advice] [--bare] [--git-dir=<path>]\n           [--work-tree=<path>] [--namespace=<name>] [--config-env=<name>=<envvar>]\n           <command> [<args>]\n\nThese are common Git commands used in various situations:\n\nstart a working area (see also: git help tutorial)\n   clone      Clone a repository into a new directory\n   init       Create an empty Git repository or reinitialize an existing one\n\nwork on the current change (see also: git help everyday)\n   add        Add file contents to the index\n   mv         Move or rename a file, a directory, or a symlink\n   restore    Restore working tree files\n   rm         Remove files from the working tree and from the index\n\nexamine the history and state (see also: git help revisions)\n   bisect     Use binary search to find the commit that introduced a bug\n   diff       Show changes between commits, commit and working tree, etc\n   grep       Print lines matching a pattern\n   log        Show commit logs\n   show       Show various types of objects\n   status     Show the working tree status\n\ngrow, mark and tweak your common history\n   backfill   Download missing objects in a partial clone\n   branch     List, create, or delete branches\n   commit     Record changes to the repository\n   merge      Join two or more development histories together\n   rebase     Reapply commits on top of another base tip\n   reset      Set `HEAD` or the index to a known state\n   switch     Switch branches\n   tag        Create, list, delete or verify tags\n\ncollaborate (see also: git help workflows)\n   fetch      Download objects and refs from another repository\n   pull       Fetch from and integrate with another repository or a local branch\n   push       Update remote refs along with associated objects\n\n'git help -a' and 'git help -g' list available subcommands and some\nconcept guides. See 'git help <command>' or 'git help <concept>'\nto read about a specific subcommand or concept.\nSee 'git help git' for an overview of the system.\n""
[0m16:57:35.025815 [debug] [MainThread]: STDERR: "b''"
[0m16:57:35.025815 [info ] [MainThread]:  - git [[32mOK found[0m]

[0m16:57:35.028379 [info ] [MainThread]: Connection test skipped since no profile was found
[0m16:57:35.028926 [info ] [MainThread]: [31m2 checks failed:[0m
[0m16:57:35.030000 [info ] [MainThread]: Could not load dbt_project.yml
Profile loading failed for the following reason:
Runtime Error
  Credentials in profile "sportlake_dbt", target "dev" invalid: 'schema' is a required property


[0m16:57:35.031198 [info ] [MainThread]: Project loading failed for the following reason:
 project path <C:\Users\fcominetti\Projects\sportlake_airflow_dbt_sqlserver\dbt_project.yml> not found

[0m16:57:35.033434 [debug] [MainThread]: Command `dbt debug` failed at 16:57:35.032841 after 1.37 seconds
[0m16:57:35.034413 [debug] [MainThread]: Sending event: {'category': 'dbt', 'action': 'invocation', 'label': 'end', 'context': [<snowplow_tracker.self_describing_json.SelfDescribingJson object at 0x00000233C18833D0>, <snowplow_tracker.self_describing_json.SelfDescribingJson object at 0x00000233C9406250>, <snowplow_tracker.self_describing_json.SelfDescribingJson object at 0x00000233C83FE9D0>]}
[0m16:57:35.035511 [debug] [MainThread]: Flushing usage events
[0m16:57:35.923804 [debug] [MainThread]: An error was encountered while trying to flush usage events
