2026-02-27 08:52:55,111 - INFO - PRODUCER - <BrokerConnection node_id=bootstrap-0 host=localhost:9092 <connecting> [IPv6 ('::1', 9092, 0, 0)]>: connecting to localhost:9092 [('::1', 9092, 0, 0) IPv6]
2026-02-27 08:52:55,111 - INFO - PRODUCER - Probing node bootstrap-0 broker version
2026-02-27 08:52:55,112 - INFO - PRODUCER - <BrokerConnection node_id=bootstrap-0 host=localhost:9092 <connecting> [IPv6 ('::1', 9092, 0, 0)]>: Connection complete.
2026-02-27 08:52:55,214 - INFO - PRODUCER - Broker version identified as 2.6.0
2026-02-27 08:52:55,215 - INFO - PRODUCER - Set configuration api_version=(2, 6, 0) to skip auto check_version requests on startup
2026-02-27 08:52:55,217 - INFO - PRODUCER - Connecting to Wikipedia stream and sending to Kafka topic: wiki-edits
2026-02-27 08:52:55,217 - INFO - PRODUCER - Closing the Kafka producer with 9223372036.0 secs timeout.
2026-02-27 08:52:55,218 - INFO - PRODUCER - <BrokerConnection node_id=bootstrap-0 host=localhost:9092 <connected> [IPv6 ('::1', 9092, 0, 0)]>: Closing connection. 
2026-02-27 08:55:59,204 - INFO - PRODUCER - <BrokerConnection node_id=bootstrap-0 host=localhost:9092 <connecting> [IPv6 ('::1', 9092, 0, 0)]>: connecting to localhost:9092 [('::1', 9092, 0, 0) IPv6]
2026-02-27 08:55:59,206 - INFO - PRODUCER - Probing node bootstrap-0 broker version
2026-02-27 08:55:59,208 - INFO - PRODUCER - <BrokerConnection node_id=bootstrap-0 host=localhost:9092 <connecting> [IPv6 ('::1', 9092, 0, 0)]>: Connection complete.
2026-02-27 08:55:59,312 - INFO - PRODUCER - Broker version identified as 2.6.0
2026-02-27 08:55:59,313 - INFO - PRODUCER - Set configuration api_version=(2, 6, 0) to skip auto check_version requests on startup
2026-02-27 08:55:59,315 - INFO - PRODUCER - Connecting to Wikipedia stream and sending to Kafka topic: wiki-edits
2026-02-27 08:55:59,315 - INFO - PRODUCER - Closing the Kafka producer with 9223372036.0 secs timeout.
2026-02-27 08:55:59,316 - INFO - PRODUCER - <BrokerConnection node_id=bootstrap-0 host=localhost:9092 <connected> [IPv6 ('::1', 9092, 0, 0)]>: Closing connection. 
2026-02-27 09:00:23,246 - INFO - PRODUCER - <BrokerConnection node_id=bootstrap-0 host=localhost:9092 <connecting> [IPv6 ('::1', 9092, 0, 0)]>: connecting to localhost:9092 [('::1', 9092, 0, 0) IPv6]
2026-02-27 09:00:23,247 - INFO - PRODUCER - Probing node bootstrap-0 broker version
2026-02-27 09:00:23,248 - INFO - PRODUCER - <BrokerConnection node_id=bootstrap-0 host=localhost:9092 <connecting> [IPv6 ('::1', 9092, 0, 0)]>: Connection complete.
2026-02-27 09:00:23,350 - INFO - PRODUCER - Broker version identified as 2.6.0
2026-02-27 09:00:23,350 - INFO - PRODUCER - Set configuration api_version=(2, 6, 0) to skip auto check_version requests on startup
2026-02-27 09:00:23,351 - INFO - PRODUCER - Connecting to Wikipedia stream and sending to Kafka topic: wiki-edits
2026-02-27 09:00:23,419 - INFO - PRODUCER - Closing the Kafka producer with 9223372036.0 secs timeout.
2026-02-27 09:00:23,420 - INFO - PRODUCER - <BrokerConnection node_id=bootstrap-0 host=localhost:9092 <connected> [IPv6 ('::1', 9092, 0, 0)]>: Closing connection. 
2026-02-27 09:01:29,309 - INFO - PRODUCER - <BrokerConnection node_id=bootstrap-0 host=localhost:9092 <connecting> [IPv6 ('::1', 9092, 0, 0)]>: connecting to localhost:9092 [('::1', 9092, 0, 0) IPv6]
2026-02-27 09:01:29,310 - INFO - PRODUCER - Probing node bootstrap-0 broker version
2026-02-27 09:01:29,311 - INFO - PRODUCER - <BrokerConnection node_id=bootstrap-0 host=localhost:9092 <connecting> [IPv6 ('::1', 9092, 0, 0)]>: Connection complete.
2026-02-27 09:01:29,413 - INFO - PRODUCER - Broker version identified as 2.6.0
2026-02-27 09:01:29,414 - INFO - PRODUCER - Set configuration api_version=(2, 6, 0) to skip auto check_version requests on startup
2026-02-27 09:01:29,415 - INFO - PRODUCER - Connecting to Wikipedia stream: https://stream.wikimedia.org/v2/stream/recentchange
2026-02-27 09:01:29,459 - ERROR - PRODUCER - Failed to connect to Wikipedia. Status Code: 403
2026-02-27 09:01:29,460 - INFO - PRODUCER - Closing the Kafka producer with 9223372036.0 secs timeout.
2026-02-27 09:01:29,460 - INFO - PRODUCER - <BrokerConnection node_id=bootstrap-0 host=localhost:9092 <connected> [IPv6 ('::1', 9092, 0, 0)]>: Closing connection. 
2026-02-27 09:01:29,461 - INFO - PRODUCER - Kafka producer closed.
2026-02-27 09:02:08,848 - INFO - PRODUCER - <BrokerConnection node_id=bootstrap-0 host=localhost:9092 <connecting> [IPv6 ('::1', 9092, 0, 0)]>: connecting to localhost:9092 [('::1', 9092, 0, 0) IPv6]
2026-02-27 09:02:08,848 - INFO - PRODUCER - Probing node bootstrap-0 broker version
2026-02-27 09:02:08,849 - INFO - PRODUCER - <BrokerConnection node_id=bootstrap-0 host=localhost:9092 <connecting> [IPv6 ('::1', 9092, 0, 0)]>: Connection complete.
2026-02-27 09:02:08,952 - INFO - PRODUCER - Broker version identified as 2.6.0
2026-02-27 09:02:08,952 - INFO - PRODUCER - Set configuration api_version=(2, 6, 0) to skip auto check_version requests on startup
2026-02-27 09:02:08,954 - INFO - PRODUCER - Connecting to Wikipedia stream: https://stream.wikimedia.org/v2/stream/recentchange
2026-02-27 09:02:09,500 - INFO - PRODUCER - Connection established. Listening for events...
2026-02-27 09:02:10,450 - INFO - PRODUCER - <BrokerConnection node_id=1 host=localhost:9092 <connecting> [IPv6 ('::1', 9092, 0, 0)]>: connecting to localhost:9092 [('::1', 9092, 0, 0) IPv6]
2026-02-27 09:02:10,451 - INFO - PRODUCER - <BrokerConnection node_id=1 host=localhost:9092 <connecting> [IPv6 ('::1', 9092, 0, 0)]>: Connection complete.
2026-02-27 09:02:10,451 - INFO - PRODUCER - <BrokerConnection node_id=bootstrap-0 host=localhost:9092 <connected> [IPv6 ('::1', 9092, 0, 0)]>: Closing connection. 
2026-02-27 09:02:10,568 - INFO - PRODUCER - Sent edit: Q38404076 by Egon Willighagen
2026-02-27 09:02:10,570 - INFO - PRODUCER - Sent edit: New Jersey's 22nd legislative district by Staryu
2026-02-27 09:02:10,571 - INFO - PRODUCER - Sent edit: File:Europa (AP-177), 8-25-45-5-2-46 - DPLA - 369a667aa3e6ce78c0bc19073253e700 (page 195).jpg by SchlurcherBot
2026-02-27 09:02:10,571 - INFO - PRODUCER - Sent edit: File:Annay-FR-58-église Sainte-Anne-26.JPG by Rkieferbot
2026-02-27 09:02:10,572 - INFO - PRODUCER - Sent edit: Q64569 by Windrain
2026-02-27 09:02:10,573 - INFO - PRODUCER - Sent edit: Q22831288 by CheWikibot
2026-02-27 09:02:10,573 - INFO - PRODUCER - Sent edit: Utilisateur:Solonavalona Andriamihaja/Brouillon by Solonavalona Andriamihaja
2026-02-27 09:02:10,573 - INFO - PRODUCER - Sent edit: бонг by HJAOVELO
2026-02-27 09:02:10,574 - INFO - PRODUCER - Sent edit: Lucy Letby by Sirfurboy
2026-02-27 09:02:10,575 - INFO - PRODUCER - Sent edit: Q33393 by A826
2026-02-27 09:02:10,575 - INFO - PRODUCER - Sent edit: Patriotic Union of Kurdistan by Slodkiszczur
2026-02-27 09:02:10,575 - INFO - PRODUCER - Sent edit: File:Mogilyovskiye gubernskiye vedomosti 1912 (microfilm) ScanPro 20003853.jpg by OptimusPrimeBot
2026-02-27 09:02:10,576 - INFO - PRODUCER - Sent edit: Q38421748 by Egon Willighagen
2026-02-27 09:02:10,576 - INFO - PRODUCER - Sent edit: Q14753572 by Danil Satria
2026-02-27 09:02:10,577 - INFO - PRODUCER - Sent edit: File:019-321 Сидоровичи, 29-08-2004.jpg by Red Winged Duck
2026-02-27 09:02:10,577 - INFO - PRODUCER - Sent edit: Q137116881 by Epìdosis
2026-02-27 09:02:10,577 - INFO - PRODUCER - Sent edit: File:019-320 Сидоровичи, 29-08-2004.jpg by Red Winged Duck
2026-02-27 09:02:10,577 - INFO - PRODUCER - Sent edit: Bert Atkins (politician) by Jevansen
2026-02-27 09:02:10,578 - INFO - PRODUCER - Sent edit: مسجد حرم جامعة غادجاه مادا by Mr.Ibrahembot
2026-02-27 09:02:10,578 - INFO - PRODUCER - Sent edit: Page:Teilhard de Chardin - Comment je crois, 1969.djvu/245 by Le ciel est par dessus le toit
2026-02-27 09:02:10,578 - INFO - PRODUCER - Sent edit: File:Civil society participation index, South America, 1885.svg by Mr.Ibrahembot
2026-02-27 09:02:10,579 - INFO - PRODUCER - Sent edit: Template:ビッグコミックスペリオール連載中 by 柏尾菓子
2026-02-27 09:02:10,579 - INFO - PRODUCER - Sent edit: File:Mogilyovskiye gubernskiye vedomosti 1912 (microfilm) ScanPro 20003854.jpg by OptimusPrimeBot
2026-02-27 09:02:10,579 - INFO - PRODUCER - Sent edit: File:Rohanstraße 14 (Ettenheim).jpg by Rkieferbot
2026-02-27 09:02:10,580 - INFO - PRODUCER - Sent edit: Q33402 by A826
2026-02-27 09:02:11,383 - INFO - PRODUCER - Sent edit: File:Purple Skies Farm Utilized the NRCS High Tunnel Initiative and Conservation Stewardship Program (20210726-NRCS-BD-7).jpg by FlickreviewR 2
2026-02-27 09:02:11,387 - INFO - PRODUCER - Sent edit: File:Annay-FR-58-église Sainte-Anne-28.JPG by Rkieferbot
2026-02-27 09:02:11,388 - INFO - PRODUCER - Sent edit: File:019-322 Сидоровичи, 29-08-2004.jpg by Red Winged Duck
2026-02-27 09:02:11,461 - INFO - PRODUCER - Sent edit: 蘇平仲文集 (四部叢刊本)/目録 by MidleadingBot
2026-02-27 09:02:11,463 - INFO - PRODUCER - Sent edit: File:Fonds du Théâtre des Variétés. II. Partitions. Partitions associées à des représentations datées. 1871-1880. 1877. Le docteur Ox - opéra bouffe en 3 actes et 6 tableaux - tiré du roman de Jules... - btv1b52517899v (147 of 900).jpg by SchlurcherBot
2026-02-27 09:02:11,464 - INFO - PRODUCER - Sent edit: File:Purple Skies Farm Utilized the NRCS High Tunnel Initiative and Conservation Stewardship Program (20210726-NRCS-BD-14).jpg by OptimusPrimeBot
2026-02-27 09:02:11,464 - INFO - PRODUCER - Sent edit: Q28537435 by InternetArchiveBot
2026-02-27 09:02:11,464 - INFO - PRODUCER - Sent edit: Fuminori Komatsu by Xinering
2026-02-27 09:02:11,465 - INFO - PRODUCER - Sent edit: Q14635358 by Danil Satria
2026-02-27 09:02:11,466 - INFO - PRODUCER - Sent edit: File:019-323 Сидоровичи, 29-08-2004.jpg by Red Winged Duck
2026-02-27 09:02:11,467 - INFO - PRODUCER - Sent edit: File:Charles of Orleans & Marie of Cleves.jpg by Guise
2026-02-27 09:02:11,467 - INFO - PRODUCER - Sent edit: Q136577743 by Epìdosis
2026-02-27 09:02:11,467 - INFO - PRODUCER - Sent edit: File:Mogilyovskiye gubernskiye vedomosti 1912 (microfilm) ScanPro 20003855.jpg by OptimusPrimeBot
2026-02-27 09:02:11,468 - INFO - PRODUCER - Sent edit: File:019-325 Сидоровичи, 29-08-2004.jpg by Red Winged Duck
2026-02-27 09:02:11,469 - INFO - PRODUCER - Sent edit: Pratunam Market by Zuck28
2026-02-27 09:02:11,469 - INFO - PRODUCER - Sent edit: Q33404 by A826
2026-02-27 09:02:11,469 - INFO - PRODUCER - Sent edit: იხინიო მორინიგო by GagaMumladze2020
2026-02-27 09:02:11,470 - INFO - PRODUCER - Sent edit: File:1992 United States Presidential election in Alabama results map by congressional district.svg by SchlurcherBot
2026-02-27 09:02:11,542 - INFO - PRODUCER - Sent edit: File:NLC892-412000007545-216160 大清會典 第29冊.pdf by SchlurcherBot
2026-02-27 09:02:11,543 - INFO - PRODUCER - Sent edit: File:019-324 Сидоровичи, 29-08-2004.jpg by Red Winged Duck
2026-02-27 09:02:11,544 - INFO - PRODUCER - Sent edit: عمر بن سعید فوطی by Tahir697
2026-02-27 09:02:11,546 - INFO - PRODUCER - Sent edit: Q138498164 by Daask
2026-02-27 09:02:11,546 - INFO - PRODUCER - Sent edit: 경북모빌리티고등학교 by Tcfc2349
2026-02-27 09:02:11,546 - INFO - PRODUCER - Sent edit: Q14641355 by Danil Satria
2026-02-27 09:02:11,549 - INFO - PRODUCER - Sent edit: Q133668154 by Epìdosis
2026-02-27 09:02:11,549 - INFO - PRODUCER - Sent edit: File:Mogilyovskiye gubernskiye vedomosti 1912 (microfilm) ScanPro 20003856.jpg by OptimusPrimeBot
2026-02-27 09:02:11,551 - INFO - PRODUCER - Sent edit: File:019-326 Сидоровичи, 29-08-2004.jpg by Red Winged Duck
2026-02-27 09:02:11,594 - INFO - PRODUCER - Sent edit: Q33411 by A826
2026-02-27 09:02:12,181 - INFO - PRODUCER - Sent edit: Q1959531 by NZXNV1
2026-02-27 09:02:12,183 - INFO - PRODUCER - Sent edit: Q33529593 by Egon Willighagen
2026-02-27 09:02:12,260 - INFO - PRODUCER - Sent edit: Q38394520 by Egon Willighagen
2026-02-27 09:02:12,262 - INFO - PRODUCER - Sent edit: File:019-327 Сидоровичи, 29-08-2004.jpg by Red Winged Duck
2026-02-27 09:02:12,263 - INFO - PRODUCER - Sent edit: File:Number 2916 - DPLA - 9e5f4ea42664bccbbbe9f9e64327e45b (page 93).tiff by SchlurcherBot
2026-02-27 09:02:12,263 - INFO - PRODUCER - Sent edit: Michael Spreng by Jevansen
2026-02-27 09:02:12,266 - INFO - PRODUCER - Sent edit: File:Civil society participation index, South America, 1884.svg by Mr.Ibrahembot
2026-02-27 09:02:12,267 - INFO - PRODUCER - Sent edit: File:Mogilyovskiye gubernskiye vedomosti 1912 (microfilm) ScanPro 20003857.jpg by OptimusPrimeBot
2026-02-27 09:02:12,268 - INFO - PRODUCER - Sent edit: Q13487105 by Danil Satria
2026-02-27 09:02:12,269 - INFO - PRODUCER - Sent edit: Q100723887 by Egon Willighagen
2026-02-27 09:02:12,274 - INFO - PRODUCER - Sent edit: Q33423 by A826
2026-02-27 09:02:12,648 - INFO - PRODUCER - Sent edit: Categori:Hanes yn ôl iaith a chyfnod by Craigysgafn
2026-02-27 09:02:12,649 - INFO - PRODUCER - Sent edit: Q136971427 by Epìdosis
2026-02-27 09:02:12,660 - INFO - PRODUCER - Sent edit: File:Mogilyovskiye gubernskiye vedomosti 1912 (microfilm) ScanPro 20003858.jpg by OptimusPrimeBot
2026-02-27 09:02:12,661 - INFO - PRODUCER - Sent edit: Q22831588 by CheWikibot
2026-02-27 09:02:12,719 - INFO - PRODUCER - Sent edit: Wikipedia:Help desk by Polygnotus
2026-02-27 09:02:12,720 - INFO - PRODUCER - Sent edit: Q138498212 by Kopdeifjogrpodfjiotrdfrpsok
2026-02-27 09:02:12,721 - INFO - PRODUCER - Sent edit: Finetti-diagram by Woudloper
2026-02-27 09:02:12,722 - INFO - PRODUCER - Sent edit: Regina José Galindo by Vtchjhn
2026-02-27 09:02:13,270 - INFO - PRODUCER - Sent edit: Q133511817 by Epìdosis
2026-02-27 09:02:13,280 - INFO - PRODUCER - Sent edit: New Jersey's 23rd legislative district by Staryu
2026-02-27 09:02:13,280 - INFO - PRODUCER - Sent edit: Q61833948 by Egon Willighagen
2026-02-27 09:02:13,284 - INFO - PRODUCER - Sent edit: Q33427 by A826
2026-02-27 09:02:13,291 - INFO - PRODUCER - Sent edit: Q14718993 by Danil Satria
2026-02-27 09:02:13,293 - INFO - PRODUCER - Sent edit: Kristiansand by SchlurcherBot
2026-02-27 09:02:13,351 - INFO - PRODUCER - Sent edit: 2025–26 FIS Ski Jumping World Cup by VovanAZAZ
2026-02-27 09:02:13,352 - INFO - PRODUCER - Sent edit: File:Mogilyovskiye gubernskiye vedomosti 1912 (microfilm) ScanPro 20003859.jpg by OptimusPrimeBot
2026-02-27 09:02:13,353 - INFO - PRODUCER - Sent edit: Q138495391 by Pi bot
2026-02-27 09:02:13,354 - INFO - PRODUCER - Sent edit: Q33431 by A826
2026-02-27 09:02:13,476 - INFO - PRODUCER - Sent edit: Q133668163 by Epìdosis
2026-02-27 09:02:13,477 - INFO - PRODUCER - Sent edit: Tokomāpuna Island / Aeroplane Island by Grutness
2026-02-27 09:02:14,297 - INFO - PRODUCER - Sent edit: File:Civil society participation index, South America, 1883.svg by Mr.Ibrahembot
2026-02-27 09:02:14,299 - INFO - PRODUCER - Sent edit: Q14628384 by Danil Satria
2026-02-27 09:02:14,301 - INFO - PRODUCER - Sent edit: Marc Casadó by Zzxt000000001
2026-02-27 09:02:14,311 - INFO - PRODUCER - Sent edit: File:Neuer Wasserturm, S, 2024 Kiskunfélegyháza.jpg by SchlurcherBot
2026-02-27 09:02:14,312 - INFO - PRODUCER - Sent edit: ביאור:הל"מ עירובין כד ב by מאירושולי
2026-02-27 09:02:14,313 - INFO - PRODUCER - Sent edit: File:Mogilyovskiye gubernskiye vedomosti 1912 (microfilm) ScanPro 20003860.jpg by OptimusPrimeBot
2026-02-27 09:02:14,375 - INFO - PRODUCER - Sent edit: Churie Spreng by Jevansen
2026-02-27 09:02:14,377 - INFO - PRODUCER - Sent edit: File:Annay-FR-58-monument aux morts-29.JPG by Rkieferbot
2026-02-27 09:02:14,378 - INFO - PRODUCER - Sent edit: Draft:Brentwood Eels RLFC by Rdiproof
2026-02-27 09:02:14,380 - INFO - PRODUCER - Sent edit: File:Welter Vinzenz von Paul Bonn.jpg by Marsupium
2026-02-27 09:02:14,380 - INFO - PRODUCER - Sent edit: Q135422812 by William Avery Bot
2026-02-27 09:02:14,381 - INFO - PRODUCER - Sent edit: Q133343398 by Epìdosis
2026-02-27 09:02:14,381 - INFO - PRODUCER - Sent edit: Q33434 by A826
2026-02-27 09:02:14,382 - INFO - PRODUCER - Sent edit: File:Mogilyovskiye gubernskiye vedomosti 1912 (microfilm) ScanPro 20003861.jpg by OptimusPrimeBot
2026-02-27 09:02:14,383 - INFO - PRODUCER - Sent edit: Q14673367 by Danil Satria
2026-02-27 09:02:14,383 - INFO - PRODUCER - Sent edit: File:M 4106917 ne 19 060 20210826.tif by DOPBot
2026-02-27 09:02:14,384 - INFO - PRODUCER - Sent edit: New Jersey's 24th legislative district by Staryu
2026-02-27 09:02:14,418 - INFO - PRODUCER - Sent edit: File:Village Père Noël Place Saint Cyr - Saint-Cyr-sur-Menthon (FR01) - 2023-12-24 - 9.jpg by SchlurcherBot
2026-02-27 09:02:14,424 - INFO - PRODUCER - Sent edit: File:1992 United States Presidential election in Nebraska results map by congressional district.svg by SchlurcherBot
2026-02-27 09:02:15,292 - INFO - PRODUCER - Sent edit: Q133668173 by Epìdosis
2026-02-27 09:02:15,294 - INFO - PRODUCER - Sent edit: File:Mogilyovskiye gubernskiye vedomosti 1912 (microfilm) ScanPro 20003862.jpg by OptimusPrimeBot
2026-02-27 09:02:15,296 - INFO - PRODUCER - Sent edit: Q100529813 by Egon Willighagen
2026-02-27 09:02:15,370 - INFO - PRODUCER - Sent edit: Q33436 by A826
2026-02-27 09:02:15,372 - INFO - PRODUCER - Sent edit: File:Annay-FR-58-monument aux morts-30.JPG by Rkieferbot
2026-02-27 09:02:15,375 - INFO - PRODUCER - Sent edit: Q17600964 by Bargioni
2026-02-27 09:02:15,375 - INFO - PRODUCER - Sent edit: Q38393213 by Egon Willighagen
2026-02-27 09:02:15,377 - INFO - PRODUCER - Sent edit: 蘇平仲文集 (四部叢刊本)/卷第一 by MidleadingBot
2026-02-27 09:02:15,378 - INFO - PRODUCER - Sent edit: Q14652240 by Danil Satria
2026-02-27 09:02:15,381 - INFO - PRODUCER - Sent edit: File:Mogilyovskiye gubernskiye vedomosti 1912 (microfilm) ScanPro 20003863.jpg by OptimusPrimeBot
2026-02-27 09:02:15,382 - INFO - PRODUCER - Sent edit: Q133735965 by Epìdosis
2026-02-27 09:02:15,383 - INFO - PRODUCER - Sent edit: Q22832048 by CheWikibot
2026-02-27 09:02:15,385 - INFO - PRODUCER - Sent edit: Stuart Whitman by Aka
2026-02-27 09:02:15,452 - INFO - PRODUCER - Sent edit: Q114027691 by Egon Willighagen
2026-02-27 09:02:15,454 - INFO - PRODUCER - Sent edit: File:20260072228244 GOES19-SUVI-Fe094-1200x1200.jpg by SchlurcherBot
2026-02-27 09:02:15,454 - INFO - PRODUCER - Sent edit: Q12365163 by Estopedist1
2026-02-27 09:02:15,455 - INFO - PRODUCER - Sent edit: Q33443 by A826
2026-02-27 09:02:15,458 - INFO - PRODUCER - Sent edit: File:Civil society participation index, South America, 1882.svg by Mr.Ibrahembot
2026-02-27 09:02:15,461 - INFO - PRODUCER - Sent edit: File:Melle Michaëlis - btv1b530656773.jpg by SchlurcherBot
2026-02-27 09:02:16,548 - INFO - PRODUCER - Sent edit: Q108078946 by Egon Willighagen
2026-02-27 09:02:16,624 - INFO - PRODUCER - Sent edit: Studentliv i Uppsala by ArildV
2026-02-27 09:02:16,626 - INFO - PRODUCER - Sent edit: Q14652195 by Danil Satria
2026-02-27 09:02:16,628 - INFO - PRODUCER - Sent edit: File:Annay-FR-58-église Sainte-Anne-31.JPG by Rkieferbot
2026-02-27 09:02:16,629 - INFO - PRODUCER - Sent edit: Genialità by Spinoziano
2026-02-27 09:02:16,630 - INFO - PRODUCER - Sent edit: File:Mogilyovskiye gubernskiye vedomosti 1912 (microfilm) ScanPro 20003864.jpg by OptimusPrimeBot
2026-02-27 09:02:16,632 - INFO - PRODUCER - Sent edit: মডিউল:Translator by Anaf Ibn Shahibul
2026-02-27 09:02:16,632 - INFO - PRODUCER - Sent edit: Greg Wilson (politician) by Jevansen
2026-02-27 09:02:16,632 - INFO - PRODUCER - Sent edit: File:Méaudre 8.jpg by SchlurcherBot
2026-02-27 09:02:16,634 - INFO - PRODUCER - Sent edit: Q136577745 by Epìdosis
2026-02-27 09:02:16,635 - INFO - PRODUCER - Sent edit: Q128215129 by Egon Willighagen
2026-02-27 09:02:16,638 - INFO - PRODUCER - Sent edit: Q33445 by A826
2026-02-27 09:02:16,640 - INFO - PRODUCER - Sent edit: Jack Wolfe (actor) by Poirot09
2026-02-27 09:02:16,640 - INFO - PRODUCER - Sent edit: voornemen by VitalikBot
2026-02-27 09:02:16,641 - INFO - PRODUCER - Sent edit: File:Mogilyovskiye gubernskiye vedomosti 1912 (microfilm) ScanPro 20003865.jpg by OptimusPrimeBot
2026-02-27 09:02:16,642 - INFO - PRODUCER - Sent edit: Wrike by Ddo4000
2026-02-27 09:02:16,706 - INFO - PRODUCER - Sent edit: Colin Watson (footballer) by Justin Kelly
2026-02-27 09:02:16,999 - INFO - PRODUCER - Sent edit: Q133668191 by Epìdosis
2026-02-27 09:02:17,001 - INFO - PRODUCER - Sent edit: 미호 신잔 by RhapsoDJ
2026-02-27 09:02:17,003 - INFO - PRODUCER - Sent edit: File:Annay-FR-58-mairie-32.JPG by Rkieferbot
2026-02-27 09:02:17,008 - INFO - PRODUCER - Sent edit: Q38373661 by Egon Willighagen
2026-02-27 09:02:17,009 - INFO - PRODUCER - Sent edit: Q33450 by A826
2026-02-27 09:02:17,012 - INFO - PRODUCER - Sent edit: File:Tensing Road, Ashby - geograph.org.uk - 2134803.jpg by SchlurcherBot
2026-02-27 09:02:17,078 - INFO - PRODUCER - Sent edit: File:Civil society participation index, South America, 1881.svg by Mr.Ibrahembot
2026-02-27 09:02:17,081 - INFO - PRODUCER - Sent edit: Q13490407 by Danil Satria
2026-02-27 09:02:17,082 - INFO - PRODUCER - Sent edit: Korean nationalism by The Account 2
2026-02-27 09:02:17,084 - INFO - PRODUCER - Sent edit: Utilisateur:Saitoyama/Brouillon th by Saitoyama
2026-02-27 09:02:17,085 - INFO - PRODUCER - Sent edit: File:Mogilyovskiye gubernskiye vedomosti 1912 (microfilm) ScanPro 20003866.jpg by OptimusPrimeBot
2026-02-27 09:02:17,233 - INFO - PRODUCER - Sent edit: Q5361907 by ~2026-12285-26
2026-02-27 09:02:17,234 - INFO - PRODUCER - Sent edit: File:M 4106917 ne 19 060 20210826.tif by DOPBot
2026-02-27 09:02:17,246 - INFO - PRODUCER - Sent edit: File:Talbot, William Henry Fox - »Die Lektüre« (Zeno Fotografie).jpg by SchlurcherBot
2026-02-27 09:02:17,256 - INFO - PRODUCER - Sent edit: Anexo:Torneo de Acapulco 2026 (individual masculino) by Alberto 1105
2026-02-27 09:02:17,258 - INFO - PRODUCER - Sent edit: Q90107444 by Egon Willighagen
2026-02-27 09:02:17,314 - INFO - PRODUCER - Sent edit: File:ISWA BaseSymbol 413.svg by SchlurcherBot
2026-02-27 09:02:18,366 - INFO - PRODUCER - Sent edit: Esperantista anni honorarius by Juvavum
2026-02-27 09:02:18,370 - INFO - PRODUCER - Sent edit: File:Mogilyovskiye gubernskiye vedomosti 1912 (microfilm) ScanPro 20003867.jpg by OptimusPrimeBot
2026-02-27 09:02:18,371 - INFO - PRODUCER - Sent edit: Q136971429 by Epìdosis
2026-02-27 09:02:18,445 - INFO - PRODUCER - Sent edit: Q16596973 by Jane023
2026-02-27 09:02:18,447 - INFO - PRODUCER - Sent edit: Q4199469 by Danil Satria
2026-02-27 09:02:18,448 - INFO - PRODUCER - Sent edit: File:FranciscoMakabulosjf7362 03.JPG by Seav
2026-02-27 09:02:18,449 - INFO - PRODUCER - Sent edit: File:Canadian Cemetery No.2 - 1.jpg by Rkieferbot
2026-02-27 09:02:18,449 - INFO - PRODUCER - Sent edit: 蘇平仲文集 (四部叢刊本)/卷第二 by MidleadingBot
2026-02-27 09:02:18,451 - INFO - PRODUCER - Sent edit: Brad White (politician) by Jevansen
2026-02-27 09:02:18,451 - INFO - PRODUCER - Sent edit: Q115178984 by Escarbot
2026-02-27 09:02:18,452 - INFO - PRODUCER - Sent edit: Q25316641 by J 1982
2026-02-27 09:02:18,454 - INFO - PRODUCER - Sent edit: File:Mogilyovskiye gubernskiye vedomosti 1912 (microfilm) ScanPro 20003868.jpg by OptimusPrimeBot
2026-02-27 09:02:18,455 - INFO - PRODUCER - Sent edit: Q38439009 by Egon Willighagen
2026-02-27 09:02:18,455 - INFO - PRODUCER - Sent edit: New Jersey's 25th legislative district by Staryu
2026-02-27 09:02:18,456 - INFO - PRODUCER - Sent edit: Q136971431 by Epìdosis
2026-02-27 09:02:18,457 - INFO - PRODUCER - Sent edit: Q22832134 by CheWikibot
2026-02-27 09:02:18,530 - INFO - PRODUCER - Sent edit: File:Entrega de Equipamentos para a Secretaria de Educação (52063010997).jpg by SchlurcherBot
2026-02-27 09:02:18,531 - INFO - PRODUCER - Sent edit: File:Mogilyovskiye gubernskiye vedomosti 1912 (microfilm) ScanPro 20003869.jpg by OptimusPrimeBot
2026-02-27 09:02:18,531 - INFO - PRODUCER - Sent edit: Q12519695 by Danil Satria
2026-02-27 09:02:18,533 - INFO - PRODUCER - Sent edit: File:The Philippine Islands. A political, Geographical, ethnographical, social and commercial history of the Philippine Archipelago and its political dependencies, embracing the whole period of Spanish (14592218187).jpg by SchlurcherBot
2026-02-27 09:02:18,534 - INFO - PRODUCER - Sent edit: Q91253693 by Egon Willighagen
2026-02-27 09:02:18,535 - INFO - PRODUCER - Sent edit: Q26800974 by Cewbot
2026-02-27 09:02:18,654 - INFO - PRODUCER - Sent edit: Strona:PL Ch Mérouvel Bogaci i biedni.djvu/258 by Terwa
2026-02-27 09:02:18,655 - INFO - PRODUCER - Sent edit: Projet:ENS Lyon/Normalienne by Amarois
2026-02-27 09:02:18,656 - INFO - PRODUCER - Sent edit: Василије Костов by Lotom
2026-02-27 09:02:18,658 - INFO - PRODUCER - Sent edit: File:Civil society participation index, South America, 1880.svg by Mr.Ibrahembot
2026-02-27 09:02:18,659 - INFO - PRODUCER - Sent edit: Q133668199 by Epìdosis
2026-02-27 09:02:18,661 - INFO - PRODUCER - Sent edit: File:'Darren' (30737041715).jpg by FlickrResourcesBot
2026-02-27 09:02:18,752 - INFO - PRODUCER - Sent edit: File:1994 Lexus LS 400 in Opal White Pearl, front left, 10-25-2025.jpg by SchlurcherBot
2026-02-27 09:02:19,347 - INFO - PRODUCER - Sent edit: File:Mogilyovskiye gubernskiye vedomosti 1912 (microfilm) ScanPro 20003870.jpg by OptimusPrimeBot
2026-02-27 09:02:19,350 - INFO - PRODUCER - Sent edit: File:Manufacturers Trust Company Building 510 Fifth Avenue.jpg by Rkieferbot
2026-02-27 09:02:19,351 - INFO - PRODUCER - Sent edit: File:Seasonal Wildnerness Rangers (12980128725).jpg by SchlurcherBot
2026-02-27 09:02:19,356 - INFO - PRODUCER - Sent edit: Q97523943 by Egon Willighagen
2026-02-27 09:02:19,425 - INFO - PRODUCER - Sent edit: Q12519481 by Danil Satria
2026-02-27 09:02:19,427 - INFO - PRODUCER - Sent edit: Michael Barthel (Politiker, 1899) by Seemannssonntag
2026-02-27 09:02:19,427 - INFO - PRODUCER - Sent edit: Κύπελλο Ελλάδας ερασιτεχνών ποδοσφαίρου 2008–09 by Vsatin
2026-02-27 09:02:19,428 - INFO - PRODUCER - Sent edit: File:Mogilyovskiye gubernskiye vedomosti 1912 (microfilm) ScanPro 20003871.jpg by OptimusPrimeBot
2026-02-27 09:02:19,429 - INFO - PRODUCER - Sent edit: Q133668208 by Epìdosis
2026-02-27 09:02:19,430 - INFO - PRODUCER - Sent edit: File:Tourism for Tomorrow Awards (39754796530).jpg by SchlurcherBot
2026-02-27 09:02:19,479 - INFO - PRODUCER - Sent edit: File:Madrid en el 2 de mayo - drama de costumbres populares en tres actos y en verso (IA madridenel2demay16113esca).pdf by Herodotptlomeu
2026-02-27 09:02:20,625 - INFO - PRODUCER - Sent edit: Tony Lewis (politician) by Jevansen
2026-02-27 09:02:20,626 - INFO - PRODUCER - Sent edit: File:Mogilyovskiye gubernskiye vedomosti 1912 (microfilm) ScanPro 20003872.jpg by OptimusPrimeBot
2026-02-27 09:02:20,701 - INFO - PRODUCER - Sent edit: Q2025957 by Carlinmack
2026-02-27 09:02:20,703 - INFO - PRODUCER - Sent edit: Q39322042 by Egon Willighagen
2026-02-27 09:02:20,703 - INFO - PRODUCER - Sent edit: File:Children of Bodom - Alexi Laiho 03.jpg by Rkieferbot
2026-02-27 09:02:20,705 - INFO - PRODUCER - Sent edit: Category:December 2015 Haute-Normandie photographs by Gzen92
2026-02-27 09:02:20,706 - INFO - PRODUCER - Sent edit: Q13544595 by Danil Satria
2026-02-27 09:02:20,708 - INFO - PRODUCER - Sent edit: Category:Crooked Creek Lake by Pi bot
2026-02-27 09:02:20,708 - INFO - PRODUCER - Sent edit: Q12275794 by Tolea93
2026-02-27 09:02:20,708 - INFO - PRODUCER - Sent edit: Q133511825 by Epìdosis
2026-02-27 09:02:20,710 - INFO - PRODUCER - Sent edit: File:Civil society participation index, South America, 1879.svg by Mr.Ibrahembot
2026-02-27 09:02:20,712 - INFO - PRODUCER - Sent edit: File:INDUS F01015 Bouw-van-metselwerk-voor-textielfabriek-La-Lys-nv-in-Gent.jpg by SchlurcherBot
2026-02-27 09:02:20,712 - INFO - PRODUCER - Sent edit: File:Mogilyovskiye gubernskiye vedomosti 1912 (microfilm) ScanPro 20003873.jpg by OptimusPrimeBot
2026-02-27 09:02:20,713 - INFO - PRODUCER - Sent edit: Zach Top by Frodlekis
2026-02-27 09:02:20,715 - INFO - PRODUCER - Sent edit: File:Tatjana Dohrn.jpg by Shyamal
2026-02-27 09:02:20,782 - INFO - PRODUCER - Sent edit: Discussioni utente:~2026-95473-5 by Torque
2026-02-27 09:02:20,786 - INFO - PRODUCER - Sent edit: Q38379724 by Egon Willighagen
2026-02-27 09:02:20,787 - INFO - PRODUCER - Sent edit: Q12521049 by Danil Satria
2026-02-27 09:02:20,791 - INFO - PRODUCER - Sent edit: File:Mogilyovskiye gubernskiye vedomosti 1912 (microfilm) ScanPro 20003874.jpg by OptimusPrimeBot
2026-02-27 09:02:20,794 - INFO - PRODUCER - Sent edit: File:Detall d'una font al monestir de Sant Cugat del Vallès.jpeg by SchlurcherBot
2026-02-27 09:02:20,798 - INFO - PRODUCER - Sent edit: Q22832148 by CheWikibot
2026-02-27 09:02:21,060 - INFO - PRODUCER - Sent edit: File:2013 Besucherkanzel Röthen 07.JPG by Rkieferbot
2026-02-27 09:02:21,062 - INFO - PRODUCER - Sent edit: Q133668218 by Epìdosis
2026-02-27 09:02:21,065 - INFO - PRODUCER - Sent edit: Q111150078 by Egon Willighagen
2026-02-27 09:02:21,074 - INFO - PRODUCER - Sent edit: Banská Štiavnica by Cagliost
2026-02-27 09:02:21,084 - INFO - PRODUCER - Sent edit: File:St Aug Nat Cemetery Dade mnmts plaque01.jpg by SchlurcherBot
2026-02-27 09:02:21,090 - INFO - PRODUCER - Sent edit: breekijzer by Kvdrgeus
2026-02-27 09:02:21,093 - INFO - PRODUCER - Sent edit: Template talk:Infobox settlement by Joy
2026-02-27 09:02:21,138 - INFO - PRODUCER - Sent edit: Q12491442 by Danil Satria
2026-02-27 09:02:21,139 - INFO - PRODUCER - Sent edit: File:Mogilyovskiye gubernskiye vedomosti 1912 (microfilm) ScanPro 20003875.jpg by OptimusPrimeBot
2026-02-27 09:02:21,522 - INFO - PRODUCER - Sent edit: Q88532577 by Egon Willighagen
2026-02-27 09:02:21,529 - INFO - PRODUCER - Sent edit: File:Mogilyovskiye gubernskiye vedomosti 1912 (microfilm) ScanPro 20003876.jpg by OptimusPrimeBot
2026-02-27 09:02:21,531 - INFO - PRODUCER - Sent edit: User:Ttocserp/Carnot engine by Ttocserp
2026-02-27 09:02:21,533 - INFO - PRODUCER - Sent edit: File:Edward groat (FindID 948383).jpg by SchlurcherBot
2026-02-27 09:02:21,534 - INFO - PRODUCER - Sent edit: Q138498183 by MrSIKhan2025
2026-02-27 09:02:22,103 - INFO - PRODUCER - Sent edit: Q136636955 by Epìdosis
2026-02-27 09:02:22,108 - INFO - PRODUCER - Sent edit: Phil Isner by Jevansen
2026-02-27 09:02:22,110 - INFO - PRODUCER - Sent edit: Q129335627 by Egon Willighagen
2026-02-27 09:02:22,111 - INFO - PRODUCER - Sent edit: Q13544594 by Danil Satria
2026-02-27 09:02:22,113 - INFO - PRODUCER - Sent edit: 경북모빌리티고등학교 by Tcfc2349
2026-02-27 09:02:22,115 - INFO - PRODUCER - Sent edit: 蘇平仲文集 (四部叢刊本)/卷第三 by MidleadingBot
2026-02-27 09:02:22,181 - INFO - PRODUCER - Sent edit: File:Civil society participation index, South America, 1878.svg by Mr.Ibrahembot
2026-02-27 09:02:22,184 - INFO - PRODUCER - Sent edit: File:Canadian Cemetery No.2 - 2.jpg by Rkieferbot
2026-02-27 09:02:22,184 - INFO - PRODUCER - Sent edit: Projet:Sport/Articles récents by NaggoBot
2026-02-27 09:02:22,186 - INFO - PRODUCER - Sent edit: File:Mogilyovskiye gubernskiye vedomosti 1912 (microfilm) ScanPro 20003877.jpg by OptimusPrimeBot
2026-02-27 09:02:22,187 - INFO - PRODUCER - Sent edit: New Jersey's 26th legislative district by Staryu
2026-02-27 09:02:22,188 - INFO - PRODUCER - Sent edit: Əl-Əsmai by Medineli92
2026-02-27 09:02:22,189 - INFO - PRODUCER - Sent edit: Q128215127 by Egon Willighagen
2026-02-27 09:02:23,385 - INFO - PRODUCER - Sent edit: Q136643549 by Epìdosis
2026-02-27 09:02:23,387 - INFO - PRODUCER - Sent edit: File:1994 Lexus LS 400 in Opal White Pearl, rear left, 10-25-2025.jpg by SchlurcherBot
2026-02-27 09:02:23,387 - INFO - PRODUCER - Sent edit: Ski alpin aux Jeux olympiques by Conquistador3
2026-02-27 09:02:23,464 - INFO - PRODUCER - Sent edit: File:Méthode de contre-basse - bpt6k1162384d (057 of 168).jpg by SchlurcherBot
2026-02-27 09:02:23,465 - INFO - PRODUCER - Sent edit: File:Mogilyovskiye gubernskiye vedomosti 1912 (microfilm) ScanPro 20003878.jpg by OptimusPrimeBot
2026-02-27 09:02:23,465 - INFO - PRODUCER - Sent edit: Q33463 by A826
2026-02-27 09:02:23,465 - INFO - PRODUCER - Sent edit: Q12495470 by Danil Satria
2026-02-27 09:02:23,465 - INFO - PRODUCER - Sent edit: File:LL-Q1860 (eng)-Vealhurl-redress (re-).wav by SchlurcherBot
2026-02-27 09:02:23,466 - INFO - PRODUCER - Sent edit: Utente:Mister IP del progetto calcio/RegalinoPerCamelia by ~2026-11201-92
2026-02-27 09:02:23,466 - INFO - PRODUCER - Sent edit: Q62493170 by Egon Willighagen
2026-02-27 09:02:23,467 - INFO - PRODUCER - Sent edit: Q138498213 by Rhode-Moyer
2026-02-27 09:02:23,468 - INFO - PRODUCER - Sent edit: Q133668225 by Epìdosis
2026-02-27 09:02:23,470 - INFO - PRODUCER - Sent edit: 過去に存在した関東地区のダイエーの店舗 by 京浜島 太郎
2026-02-27 09:02:23,470 - INFO - PRODUCER - Sent edit: Category:Quarterly argent and gules, in the second and third quarters a fret or by Kontributor 2K
2026-02-27 09:02:23,470 - INFO - PRODUCER - Sent edit: Filmfare Award for Best Film – Kannada by Chprem
2026-02-27 09:02:23,543 - INFO - PRODUCER - Sent edit: Q59151078 by J 1982
2026-02-27 09:02:23,545 - INFO - PRODUCER - Sent edit: Edithvale railway station by PEPSI697
2026-02-27 09:02:23,546 - INFO - PRODUCER - Sent edit: Q2611253 by Bot Bozze
2026-02-27 09:02:23,549 - INFO - PRODUCER - Sent edit: 세 개의 시선 by ~2026-10455-03
2026-02-27 09:02:23,550 - INFO - PRODUCER - Sent edit: Frederick Federici by InternetArchiveBot
2026-02-27 09:02:23,550 - INFO - PRODUCER - Sent edit: File:Mogilyovskiye gubernskiye vedomosti 1912 (microfilm) ScanPro 20003879.jpg by OptimusPrimeBot
2026-02-27 09:02:23,550 - INFO - PRODUCER - Sent edit: Q33467 by A826
2026-02-27 09:02:23,552 - INFO - PRODUCER - Sent edit: Sinter by Aka
2026-02-27 09:02:23,553 - INFO - PRODUCER - Sent edit: Q98200726 by Egon Willighagen
2026-02-27 09:02:23,555 - INFO - PRODUCER - Sent edit: Q12490011 by Danil Satria
2026-02-27 09:02:23,555 - INFO - PRODUCER - Sent edit: File:Crkva Sv. Ilija Gornokonjarski (1).JPG by Rkieferbot
2026-02-27 09:02:23,556 - INFO - PRODUCER - Sent edit: Camille Bulcke by Bot Bozze
2026-02-27 09:02:23,556 - INFO - PRODUCER - Sent edit: Q111132360 by Basilic25
2026-02-27 09:02:23,556 - INFO - PRODUCER - Sent edit: Q138498213 by Rhode-Moyer
2026-02-27 09:02:23,559 - INFO - PRODUCER - Sent edit: File:Sidewall (France), 1810–30 (CH 18476535).jpg by SchlurcherBot
2026-02-27 09:02:23,560 - INFO - PRODUCER - Sent edit: Q22832194 by CheWikibot
2026-02-27 09:02:23,560 - INFO - PRODUCER - Sent edit: File:Mogilyovskiye gubernskiye vedomosti 1912 (microfilm) ScanPro 20003880.jpg by OptimusPrimeBot
2026-02-27 09:02:23,560 - INFO - PRODUCER - Sent edit: File:Civil society participation index, South America, 1877.svg by Mr.Ibrahembot
2026-02-27 09:02:23,560 - INFO - PRODUCER - Sent edit: Q133735967 by Epìdosis
2026-02-27 09:02:23,562 - INFO - PRODUCER - Sent edit: New Jersey's 27th legislative district by Staryu
2026-02-27 09:02:23,624 - INFO - PRODUCER - Sent edit: Q111132360 by Basilic25
2026-02-27 09:02:23,756 - INFO - PRODUCER - Sent edit: File:Purple Skies Farm Utilized the NRCS High Tunnel Initiative and Conservation Stewardship Program (20210726-NRCS-BD-15).jpg by OptimusPrimeBot
2026-02-27 09:02:23,758 - INFO - PRODUCER - Sent edit: Q33464 by A826
2026-02-27 09:02:23,762 - INFO - PRODUCER - Sent edit: Q13544593 by Danil Satria
2026-02-27 09:02:23,764 - INFO - PRODUCER - Sent edit: Talibdin El-Amin by Jevansen
2026-02-27 09:02:24,395 - INFO - PRODUCER - Sent edit: File:121st maintenance and air crew personnel support NATO aircraft refueling (5935419).jpg by SchlurcherBot
2026-02-27 09:02:24,397 - INFO - PRODUCER - Sent edit: Q47752117 by Egon Willighagen
2026-02-27 09:02:24,400 - INFO - PRODUCER - Sent edit: Q111132360 by Basilic25
2026-02-27 09:02:24,408 - INFO - PRODUCER - Sent edit: File:Mogilyovskiye gubernskiye vedomosti 1912 (microfilm) ScanPro 20003881.jpg by OptimusPrimeBot
2026-02-27 09:02:24,473 - INFO - PRODUCER - Sent edit: User:Aradicus77/sandbox by Aradicus77
2026-02-27 09:02:24,474 - INFO - PRODUCER - Sent edit: File:Dgm1 32 408 5654 1 nw 2021.tif by SchlurcherBot
2026-02-27 09:02:24,475 - INFO - PRODUCER - Sent edit: Q92752511 by Egon Willighagen
2026-02-27 09:02:24,477 - INFO - PRODUCER - Sent edit: Giardino dei Giusti by Marica Massaro
2026-02-27 09:02:24,477 - INFO - PRODUCER - Sent edit: Q136577747 by Epìdosis
2026-02-27 09:02:24,480 - INFO - PRODUCER - Sent edit: Rheingrafen by Tfjt
2026-02-27 09:02:24,646 - INFO - PRODUCER - Sent edit: File:Crkva Sv. Ilija Gornokonjarski (10).JPG by Rkieferbot
2026-02-27 09:02:24,648 - INFO - PRODUCER - Sent edit: Wedding Cake Island by Grutness
2026-02-27 09:02:24,649 - INFO - PRODUCER - Sent edit: Ferry Rotinsulu by Denisarona
2026-02-27 09:02:24,651 - INFO - PRODUCER - Sent edit: Bộ Quốc phòng (Việt Nam) by Đinh Hoàng Bảo Khanh
2026-02-27 09:02:24,655 - INFO - PRODUCER - Sent edit: Q33491 by A826
2026-02-27 09:02:24,661 - INFO - PRODUCER - Sent edit: Basketbalová extraliga žien 2015/16 by InternetArchiveBot
2026-02-27 09:02:24,665 - INFO - PRODUCER - Sent edit: File:M 4106917 nw 19 060 20210826.tif by DOPBot
2026-02-27 09:02:24,724 - INFO - PRODUCER - Sent edit: Debaser by InternetArchiveBot
2026-02-27 09:02:24,744 - INFO - PRODUCER - Sent edit: File:Beach pavillion in Savonlinna.jpg by Periegetes
2026-02-27 09:02:24,746 - INFO - PRODUCER - Sent edit: Q13544591 by Danil Satria
2026-02-27 09:02:24,749 - INFO - PRODUCER - Sent edit: File:Libčice nad Vltavou, škola.jpg by SchlurcherBot
2026-02-27 09:02:24,832 - INFO - PRODUCER - Sent edit: User talk:Fotointheworld by Fotointheworld
2026-02-27 09:02:24,835 - INFO - PRODUCER - Sent edit: Q138498204 by Victormailloux
2026-02-27 09:02:24,896 - INFO - PRODUCER - Sent edit: Q138498199 by JudithShe
2026-02-27 09:02:25,080 - INFO - PRODUCER - Sent edit: Q33503 by A826
2026-02-27 09:02:25,081 - INFO - PRODUCER - Sent edit: Template:ワールド・ベースボール・クラシック メキシコ代表 by ミラー・ハイト
2026-02-27 09:02:25,084 - INFO - PRODUCER - Sent edit: File:Auto 2024, Zurich (PANA1025).jpg by MB-one
2026-02-27 09:02:25,084 - INFO - PRODUCER - Sent edit: Q136991153 by Epìdosis
2026-02-27 09:02:25,390 - INFO - PRODUCER - Sent edit: Q138498206 by Gautlang
2026-02-27 09:02:25,392 - INFO - PRODUCER - Sent edit: Wikipedia:Kahvihuone (käytännöt) by Lentokonefani
2026-02-27 09:02:25,393 - INFO - PRODUCER - Sent edit: File:Beetzstrasse 1 - Muenchen.JPG by Rkieferbot
2026-02-27 09:02:25,395 - INFO - PRODUCER - Sent edit: 蘇平仲文集 (四部叢刊本)/卷第四 by MidleadingBot
2026-02-27 09:02:25,397 - INFO - PRODUCER - Sent edit: File:Civil society participation index, South America, 1876.svg by Mr.Ibrahembot
2026-02-27 09:02:25,399 - INFO - PRODUCER - Sent edit: Премія «Золотий глобус» за найкращу жіночу роль — драма by LesDrow
2026-02-27 09:02:25,400 - INFO - PRODUCER - Sent edit: Q12484829 by Danil Satria
2026-02-27 09:02:25,889 - INFO - PRODUCER - Sent edit: Q133410672 by Epìdosis
2026-02-27 09:02:25,893 - INFO - PRODUCER - Sent edit: Q132745957 by Pi bot
2026-02-27 09:02:25,895 - INFO - PRODUCER - Sent edit: Q26800974 by Cewbot
2026-02-27 09:02:25,897 - INFO - PRODUCER - Sent edit: Portail:Théâtre/Articles récents by OrlodrimBot
2026-02-27 09:02:25,900 - INFO - PRODUCER - Sent edit: Q33500 by A826
2026-02-27 09:02:25,965 - INFO - PRODUCER - Sent edit: Q138498215 by Riratri
2026-02-27 09:02:26,186 - INFO - PRODUCER - Sent edit: Autoimmune optic neuropathy by Ah1244
2026-02-27 09:02:26,190 - INFO - PRODUCER - Sent edit: Q33501 by A826
2026-02-27 09:02:26,194 - INFO - PRODUCER - Sent edit: Q12487811 by Danil Satria
2026-02-27 09:02:26,197 - INFO - PRODUCER - Sent edit: File:1994-09-24 XVII-Concurso-Paranaense-Bandas-Fanfarras Curitiba Banda-Tibagi Juvenil Campeã 02.jpg by SchlurcherBot
2026-02-27 09:02:26,198 - INFO - PRODUCER - Sent edit: Q22834026 by CheWikibot
2026-02-27 09:02:26,201 - INFO - PRODUCER - Sent edit: Q38398165 by Egon Willighagen
2026-02-27 09:02:26,204 - INFO - PRODUCER - Sent edit: File:Crkva Sv. Ilija Gornokonjarski (11).JPG by Rkieferbot
2026-02-27 09:02:26,574 - INFO - PRODUCER - Sent edit: File:1968 Columbus City Bulletin - DPLA - 9aa771f0d1147fd0b0ccac9b75761587 (page 847).jpg by SchlurcherBot
2026-02-27 09:02:26,575 - INFO - PRODUCER - Sent edit: William Current by Jevansen
2026-02-27 09:02:26,577 - INFO - PRODUCER - Sent edit: Q133343578 by Epìdosis
2026-02-27 09:02:26,580 - INFO - PRODUCER - Sent edit: Q38398025 by Egon Willighagen
2026-02-27 09:02:26,694 - INFO - PRODUCER - Sent edit: عمر بن سعید فوطی by Tahir697
2026-02-27 09:02:27,183 - INFO - PRODUCER - Sent edit: File:Civil society participation index, South America, 1875.svg by Mr.Ibrahembot
2026-02-27 09:02:27,185 - INFO - PRODUCER - Sent edit: 1942 by Bernhard Diener
2026-02-27 09:02:27,187 - INFO - PRODUCER - Sent edit: File:Белгородская слобода 2013 50.JPG by SchlurcherBot
2026-02-27 09:02:27,188 - INFO - PRODUCER - Sent edit: Q13544590 by Danil Satria
2026-02-27 09:02:27,193 - INFO - PRODUCER - Sent edit: Q25225263 by J 1982
2026-02-27 09:02:27,194 - INFO - PRODUCER - Sent edit: File:Abbaye Saint-Vincent de Senlis. Façade sud vue de la rue Saint-Lazare (faubourg Saint-Etienne).jpg by VVVCFFrance
2026-02-27 09:02:27,195 - INFO - PRODUCER - Sent edit: Q120411430 by Egon Willighagen
2026-02-27 09:02:27,197 - INFO - PRODUCER - Sent edit: Q33516 by A826
2026-02-27 09:02:27,201 - INFO - PRODUCER - Sent edit: File:Nagoya City Tram & Subway Museum 10.JPG by Dekai hikigaeru
2026-02-27 09:02:27,259 - INFO - PRODUCER - Sent edit: Victor Williams by InternetArchiveBot
2026-02-27 09:02:27,260 - INFO - PRODUCER - Sent edit: Q133394198 by Epìdosis
2026-02-27 09:02:27,262 - INFO - PRODUCER - Sent edit: File:M 4106917 nw 19 060 20210826.tif by DOPBot
2026-02-27 09:02:27,311 - INFO - PRODUCER - Sent edit: File:Integrated Task Force Machine Gunners conduct offensive operations during MCOTEA assessment 150330-M-ZM882-065.jpg by SchlurcherBot
2026-02-27 09:02:27,315 - INFO - PRODUCER - Sent edit: Marina Dobrovolskaya by ChrysGalley
2026-02-27 09:02:27,316 - INFO - PRODUCER - Sent edit: Q115212928 by Egon Willighagen
2026-02-27 09:02:27,983 - INFO - PRODUCER - Sent edit: 蘇平仲文集 (四部叢刊本)/卷第五 by MidleadingBot
2026-02-27 09:02:27,987 - INFO - PRODUCER - Sent edit: Q12490689 by Danil Satria
2026-02-27 09:02:27,990 - INFO - PRODUCER - Sent edit: File:Dolmen de Kerguéran 5419.JPG by Rkieferbot
2026-02-27 09:02:27,991 - INFO - PRODUCER - Sent edit: Q33537 by A826
2026-02-27 09:02:28,062 - INFO - PRODUCER - Sent edit: File:Pampa de Nahuel Huapí vista desde el aeropuerto 02.jpg by SchlurcherBot
2026-02-27 09:02:28,065 - INFO - PRODUCER - Sent edit: Category:ALDI supermarkets in Germany by city by Andreas Wolf 01
2026-02-27 09:02:28,066 - INFO - PRODUCER - Sent edit: New Jersey's 28th legislative district by Staryu
2026-02-27 09:02:28,067 - INFO - PRODUCER - Sent edit: Q89557937 by Egon Willighagen
2026-02-27 09:02:28,068 - INFO - PRODUCER - Sent edit: Q136577749 by Epìdosis
2026-02-27 09:02:28,069 - INFO - PRODUCER - Sent edit: Dick Schoof by Andrei Stroe
2026-02-27 09:02:28,071 - INFO - PRODUCER - Sent edit: File:紅尾伯勞 (25460743793).jpg by SchlurcherBot
2026-02-27 09:02:28,072 - INFO - PRODUCER - Sent edit: Q116968641 by Luda.slominska
2026-02-27 09:02:28,072 - INFO - PRODUCER - Sent edit: Wikipedia:WikiProject Women in Red/Outreach/Q-Z by Ipigott
2026-02-27 09:02:28,437 - INFO - PRODUCER - Sent edit: Q12519000 by Danil Satria
2026-02-27 09:02:28,444 - INFO - PRODUCER - Sent edit: File:Welter Antonius von Padua Bonn.jpg by Marsupium
2026-02-27 09:02:28,446 - INFO - PRODUCER - Sent edit: Q33541 by A826
2026-02-27 09:02:28,447 - INFO - PRODUCER - Sent edit: Cá lanh by Thái Nhi
2026-02-27 09:02:28,450 - INFO - PRODUCER - Sent edit: Q133410675 by Epìdosis
2026-02-27 09:02:28,451 - INFO - PRODUCER - Sent edit: Q130833126 by Egon Willighagen
2026-02-27 09:02:28,516 - INFO - PRODUCER - Sent edit: Saransk by SchlurcherBot
2026-02-27 09:02:28,517 - INFO - PRODUCER - Sent edit: Jazz-Nekrolog 2026 by Engelbaet
2026-02-27 09:02:28,518 - INFO - PRODUCER - Sent edit: File:Dolmen de Kerguéran 5417.JPG by Rkieferbot
2026-02-27 09:02:28,518 - INFO - PRODUCER - Sent edit: File:Civil society participation index, South America, 1874.svg by Mr.Ibrahembot
2026-02-27 09:02:28,518 - INFO - PRODUCER - Sent edit: Classifica di presenze nella NBA by Radici79
2026-02-27 09:02:28,605 - INFO - PRODUCER - Sent edit: Q12501829 by Danil Satria
2026-02-27 09:02:28,607 - INFO - PRODUCER - Sent edit: Q55305465 by MILEPRI
2026-02-27 09:02:29,268 - INFO - PRODUCER - Sent edit: File:LL-Q809 (pol)-Olaf-Nowy Bytom.wav by SchlurcherBot
2026-02-27 09:02:29,269 - INFO - PRODUCER - Sent edit: Q22834170 by CheWikibot
2026-02-27 09:02:29,271 - INFO - PRODUCER - Sent edit: Q57706986 by Egon Willighagen
2026-02-27 09:02:29,274 - INFO - PRODUCER - Sent edit: Q33557 by A826
2026-02-27 09:02:29,275 - INFO - PRODUCER - Sent edit: Donald Davis (North Carolina Republican politician) by Jevansen
2026-02-27 09:02:29,346 - INFO - PRODUCER - Sent edit: Sarax curioi by PeterR
2026-02-27 09:02:29,347 - INFO - PRODUCER - Sent edit: Q133343601 by Epìdosis
2026-02-27 09:02:29,347 - INFO - PRODUCER - Sent edit: Q1332798 by ~2026-12251-85
2026-02-27 09:02:29,348 - INFO - PRODUCER - Sent edit: File:Road, Corranstilbeg - geograph.org.uk - 6046598.jpg by SchlurcherBot
2026-02-27 09:02:29,349 - INFO - PRODUCER - Sent edit: File:'Caroline' (27696291766).jpg by FlickrResourcesBot
2026-02-27 09:02:29,349 - INFO - PRODUCER - Sent edit: Benutzer:User85521/Sandbox by User85521
2026-02-27 09:02:29,445 - INFO - PRODUCER - Sent edit: Q12501842 by Danil Satria
2026-02-27 09:02:29,542 - INFO - PRODUCER - Sent edit: Q138498177 by MHM55
2026-02-27 09:02:29,901 - INFO - PRODUCER - Sent edit: Q33563 by A826
2026-02-27 09:02:29,902 - INFO - PRODUCER - Sent edit: File:Dolmen de Kerguéran 5418.JPG by Rkieferbot
2026-02-27 09:02:29,905 - INFO - PRODUCER - Sent edit: File:Illinois 14 (1950).svg by SchlurcherBot
2026-02-27 09:02:29,908 - INFO - PRODUCER - Sent edit: Xenotím-(Gd) by Mineralog sk
2026-02-27 09:02:30,466 - INFO - PRODUCER - Sent edit: Q33578 by A826
2026-02-27 09:02:32,042 - ERROR - PRODUCER - Stream connection error: Response ended prematurely
2026-02-27 09:02:32,043 - INFO - PRODUCER - Closing the Kafka producer with 9223372036.0 secs timeout.
2026-02-27 09:02:32,043 - INFO - PRODUCER - <BrokerConnection node_id=1 host=localhost:9092 <connected> [IPv6 ('::1', 9092, 0, 0)]>: Closing connection. 
2026-02-27 09:02:32,044 - INFO - PRODUCER - Kafka producer closed.
2026-02-27 09:02:53,610 - INFO - MONITOR - <BrokerConnection node_id=bootstrap-0 host=localhost:9092 <connecting> [IPv6 ('::1', 9092, 0, 0)]>: connecting to localhost:9092 [('::1', 9092, 0, 0) IPv6]
2026-02-27 09:02:53,611 - INFO - MONITOR - Probing node bootstrap-0 broker version
2026-02-27 09:02:53,612 - INFO - MONITOR - <BrokerConnection node_id=bootstrap-0 host=localhost:9092 <connecting> [IPv6 ('::1', 9092, 0, 0)]>: Connection complete.
2026-02-27 09:02:53,716 - INFO - MONITOR - Broker version identified as 2.6.0
2026-02-27 09:02:53,716 - INFO - MONITOR - Set configuration api_version=(2, 6, 0) to skip auto check_version requests on startup
2026-02-27 09:02:53,716 - INFO - MONITOR - Updating subscribed topics to: ('wiki-edits',)
2026-02-27 09:02:53,717 - INFO - MONITOR - Monitoring Wikipedia for large edits (>500 chars)
2026-02-27 09:02:53,838 - INFO - MONITOR - Group coordinator for wiki-monitor-group is BrokerMetadata(nodeId='coordinator-1', host='localhost', port=9092, rack=None)
2026-02-27 09:02:53,840 - INFO - MONITOR - Discovered coordinator coordinator-1 for group wiki-monitor-group
2026-02-27 09:02:53,841 - INFO - MONITOR - Starting new heartbeat thread
2026-02-27 09:02:53,842 - INFO - MONITOR - Revoking previously assigned partitions set() for group wiki-monitor-group
2026-02-27 09:02:53,843 - INFO - MONITOR - <BrokerConnection node_id=coordinator-1 host=localhost:9092 <connecting> [IPv6 ('::1', 9092, 0, 0)]>: connecting to localhost:9092 [('::1', 9092, 0, 0) IPv6]
2026-02-27 09:02:53,844 - INFO - MONITOR - <BrokerConnection node_id=coordinator-1 host=localhost:9092 <connecting> [IPv6 ('::1', 9092, 0, 0)]>: Connection complete.
2026-02-27 09:02:53,844 - INFO - MONITOR - <BrokerConnection node_id=bootstrap-0 host=localhost:9092 <connected> [IPv6 ('::1', 9092, 0, 0)]>: Closing connection. 
2026-02-27 09:02:53,948 - INFO - MONITOR - (Re-)joining group wiki-monitor-group
2026-02-27 09:02:53,966 - WARNING - MONITOR - Marking the coordinator dead (node coordinator-1) for group wiki-monitor-group: [Error 16] NotCoordinatorForGroupError.
2026-02-27 09:02:54,070 - INFO - MONITOR - <BrokerConnection node_id=1 host=localhost:9092 <connecting> [IPv6 ('::1', 9092, 0, 0)]>: connecting to localhost:9092 [('::1', 9092, 0, 0) IPv6]
2026-02-27 09:02:54,072 - INFO - MONITOR - <BrokerConnection node_id=1 host=localhost:9092 <connecting> [IPv6 ('::1', 9092, 0, 0)]>: Connection complete.
2026-02-27 09:02:54,185 - INFO - MONITOR - Group coordinator for wiki-monitor-group is BrokerMetadata(nodeId='coordinator-1', host='localhost', port=9092, rack=None)
2026-02-27 09:02:54,187 - INFO - MONITOR - Discovered coordinator coordinator-1 for group wiki-monitor-group
2026-02-27 09:02:54,187 - INFO - MONITOR - (Re-)joining group wiki-monitor-group
2026-02-27 09:02:54,197 - WARNING - MONITOR - Marking the coordinator dead (node coordinator-1) for group wiki-monitor-group: [Error 16] NotCoordinatorForGroupError.
2026-02-27 09:02:54,312 - INFO - MONITOR - Group coordinator for wiki-monitor-group is BrokerMetadata(nodeId='coordinator-1', host='localhost', port=9092, rack=None)
2026-02-27 09:02:54,314 - INFO - MONITOR - Discovered coordinator coordinator-1 for group wiki-monitor-group
2026-02-27 09:02:54,316 - INFO - MONITOR - (Re-)joining group wiki-monitor-group
2026-02-27 09:02:54,324 - WARNING - MONITOR - Marking the coordinator dead (node coordinator-1) for group wiki-monitor-group: [Error 16] NotCoordinatorForGroupError.
2026-02-27 09:02:54,428 - INFO - MONITOR - Group coordinator for wiki-monitor-group is BrokerMetadata(nodeId='coordinator-1', host='localhost', port=9092, rack=None)
2026-02-27 09:02:54,428 - INFO - MONITOR - Discovered coordinator coordinator-1 for group wiki-monitor-group
2026-02-27 09:02:54,428 - INFO - MONITOR - (Re-)joining group wiki-monitor-group
2026-02-27 09:02:54,433 - WARNING - MONITOR - Marking the coordinator dead (node coordinator-1) for group wiki-monitor-group: [Error 16] NotCoordinatorForGroupError.
2026-02-27 09:02:54,558 - INFO - MONITOR - Group coordinator for wiki-monitor-group is BrokerMetadata(nodeId='coordinator-1', host='localhost', port=9092, rack=None)
2026-02-27 09:02:54,559 - INFO - MONITOR - Discovered coordinator coordinator-1 for group wiki-monitor-group
2026-02-27 09:02:54,560 - INFO - MONITOR - (Re-)joining group wiki-monitor-group
2026-02-27 09:02:54,566 - WARNING - MONITOR - Marking the coordinator dead (node coordinator-1) for group wiki-monitor-group: [Error 16] NotCoordinatorForGroupError.
2026-02-27 09:02:54,668 - INFO - MONITOR - Group coordinator for wiki-monitor-group is BrokerMetadata(nodeId='coordinator-1', host='localhost', port=9092, rack=None)
2026-02-27 09:02:54,668 - INFO - MONITOR - Discovered coordinator coordinator-1 for group wiki-monitor-group
2026-02-27 09:02:54,669 - INFO - MONITOR - (Re-)joining group wiki-monitor-group
2026-02-27 09:02:54,694 - INFO - MONITOR - Elected group leader -- performing partition assignments using range
2026-02-27 09:02:54,717 - INFO - MONITOR - Successfully joined group wiki-monitor-group with generation 1
2026-02-27 09:02:54,718 - INFO - MONITOR - Updated partition assignment: [TopicPartition(topic='wiki-edits', partition=0)]
2026-02-27 09:02:54,718 - INFO - MONITOR - Setting newly assigned partitions {TopicPartition(topic='wiki-edits', partition=0)} for group wiki-monitor-group
2026-02-27 09:03:05,302 - INFO - <BrokerConnection node_id=bootstrap-0 host=localhost:9092 <connecting> [IPv6 ('::1', 9092, 0, 0)]>: connecting to localhost:9092 [('::1', 9092, 0, 0) IPv6]
2026-02-27 09:03:05,302 - INFO - Probing node bootstrap-0 broker version
2026-02-27 09:03:05,302 - INFO - <BrokerConnection node_id=bootstrap-0 host=localhost:9092 <connecting> [IPv6 ('::1', 9092, 0, 0)]>: Connection complete.
2026-02-27 09:03:05,406 - INFO - Broker version identified as 2.6.0
2026-02-27 09:03:05,406 - INFO - Set configuration api_version=(2, 6, 0) to skip auto check_version requests on startup
2026-02-27 09:03:05,407 - INFO - Updating subscribed topics to: ('wiki-edits',)
2026-02-27 09:03:05,579 - INFO - Database initialized successfully.
2026-02-27 09:03:05,591 - INFO - Starting Kafka -> Postgres consumer
2026-02-27 09:03:05,595 - INFO - Group coordinator for db-storage-group is BrokerMetadata(nodeId='coordinator-1', host='localhost', port=9092, rack=None)
2026-02-27 09:03:05,595 - INFO - Discovered coordinator coordinator-1 for group db-storage-group
2026-02-27 09:03:05,596 - INFO - Starting new heartbeat thread
2026-02-27 09:03:05,598 - INFO - Revoking previously assigned partitions set() for group db-storage-group
2026-02-27 09:03:05,600 - INFO - <BrokerConnection node_id=coordinator-1 host=localhost:9092 <connecting> [IPv6 ('::1', 9092, 0, 0)]>: connecting to localhost:9092 [('::1', 9092, 0, 0) IPv6]
2026-02-27 09:03:05,601 - INFO - <BrokerConnection node_id=coordinator-1 host=localhost:9092 <connecting> [IPv6 ('::1', 9092, 0, 0)]>: Connection complete.
2026-02-27 09:03:05,601 - INFO - <BrokerConnection node_id=bootstrap-0 host=localhost:9092 <connected> [IPv6 ('::1', 9092, 0, 0)]>: Closing connection. 
2026-02-27 09:03:05,702 - INFO - (Re-)joining group db-storage-group
2026-02-27 09:03:05,704 - INFO - Elected group leader -- performing partition assignments using range
2026-02-27 09:03:05,705 - INFO - <BrokerConnection node_id=1 host=localhost:9092 <connecting> [IPv6 ('::1', 9092, 0, 0)]>: connecting to localhost:9092 [('::1', 9092, 0, 0) IPv6]
2026-02-27 09:03:05,706 - INFO - <BrokerConnection node_id=1 host=localhost:9092 <connecting> [IPv6 ('::1', 9092, 0, 0)]>: Connection complete.
2026-02-27 09:03:05,707 - INFO - Successfully joined group db-storage-group with generation 1
2026-02-27 09:03:05,707 - INFO - Updated partition assignment: [TopicPartition(topic='wiki-edits', partition=0)]
2026-02-27 09:03:05,707 - INFO - Setting newly assigned partitions {TopicPartition(topic='wiki-edits', partition=0)} for group db-storage-group
2026-02-27 09:03:05,922 - INFO - Saved to DB: Q38404076 by Egon Willighagen
2026-02-27 09:03:05,923 - INFO - Saved to DB: New Jersey's 22nd legislative district by Staryu
2026-02-27 09:03:05,924 - INFO - Saved to DB: File:Europa (AP-177), 8-25-45-5-2-46 - DPLA - 369a667aa3e6ce78c0bc19073253e700 (page 195).jpg by SchlurcherBot
2026-02-27 09:03:05,925 - INFO - Saved to DB: File:Annay-FR-58-église Sainte-Anne-26.JPG by Rkieferbot
2026-02-27 09:03:05,926 - INFO - Saved to DB: Q64569 by Windrain
2026-02-27 09:03:05,927 - INFO - Saved to DB: Q22831288 by CheWikibot
2026-02-27 09:03:05,928 - INFO - Saved to DB: Utilisateur:Solonavalona Andriamihaja/Brouillon by Solonavalona Andriamihaja
2026-02-27 09:03:05,930 - INFO - Saved to DB: бонг by HJAOVELO
2026-02-27 09:03:05,931 - INFO - Saved to DB: Lucy Letby by Sirfurboy
2026-02-27 09:03:05,933 - INFO - Saved to DB: Q33393 by A826
2026-02-27 09:03:05,934 - INFO - Saved to DB: Patriotic Union of Kurdistan by Slodkiszczur
2026-02-27 09:03:05,936 - INFO - Saved to DB: File:Mogilyovskiye gubernskiye vedomosti 1912 (microfilm) ScanPro 20003853.jpg by OptimusPrimeBot
2026-02-27 09:03:05,937 - INFO - Saved to DB: Q38421748 by Egon Willighagen
2026-02-27 09:03:05,938 - INFO - Saved to DB: Q14753572 by Danil Satria
2026-02-27 09:03:05,940 - INFO - Saved to DB: File:019-321 Сидоровичи, 29-08-2004.jpg by Red Winged Duck
2026-02-27 09:03:05,941 - INFO - Saved to DB: Q137116881 by Epìdosis
2026-02-27 09:03:05,942 - INFO - Saved to DB: File:019-320 Сидоровичи, 29-08-2004.jpg by Red Winged Duck
2026-02-27 09:03:05,943 - INFO - Saved to DB: Bert Atkins (politician) by Jevansen
2026-02-27 09:03:05,944 - INFO - Saved to DB: مسجد حرم جامعة غادجاه مادا by Mr.Ibrahembot
2026-02-27 09:03:05,945 - INFO - Saved to DB: Page:Teilhard de Chardin - Comment je crois, 1969.djvu/245 by Le ciel est par dessus le toit
2026-02-27 09:03:05,946 - INFO - Saved to DB: File:Civil society participation index, South America, 1885.svg by Mr.Ibrahembot
2026-02-27 09:03:05,947 - INFO - Saved to DB: Template:ビッグコミックスペリオール連載中 by 柏尾菓子
2026-02-27 09:03:05,948 - INFO - Saved to DB: File:Mogilyovskiye gubernskiye vedomosti 1912 (microfilm) ScanPro 20003854.jpg by OptimusPrimeBot
2026-02-27 09:03:05,950 - INFO - Saved to DB: File:Rohanstraße 14 (Ettenheim).jpg by Rkieferbot
2026-02-27 09:03:05,952 - INFO - Saved to DB: Q33402 by A826
2026-02-27 09:03:05,953 - INFO - Saved to DB: File:Purple Skies Farm Utilized the NRCS High Tunnel Initiative and Conservation Stewardship Program (20210726-NRCS-BD-7).jpg by FlickreviewR 2
2026-02-27 09:03:05,955 - INFO - Saved to DB: File:Annay-FR-58-église Sainte-Anne-28.JPG by Rkieferbot
2026-02-27 09:03:05,955 - INFO - Saved to DB: File:019-322 Сидоровичи, 29-08-2004.jpg by Red Winged Duck
2026-02-27 09:03:05,956 - INFO - Saved to DB: 蘇平仲文集 (四部叢刊本)/目録 by MidleadingBot
2026-02-27 09:03:05,957 - INFO - Saved to DB: File:Fonds du Théâtre des Variétés. II. Partitions. Partitions associées à des représentations datées. 1871-1880. 1877. Le docteur Ox - opéra bouffe en 3 actes et 6 tableaux - tiré du roman de Jules... - btv1b52517899v (147 of 900).jpg by SchlurcherBot
2026-02-27 09:03:05,958 - INFO - Saved to DB: File:Purple Skies Farm Utilized the NRCS High Tunnel Initiative and Conservation Stewardship Program (20210726-NRCS-BD-14).jpg by OptimusPrimeBot
2026-02-27 09:03:05,959 - INFO - Saved to DB: Q28537435 by InternetArchiveBot
2026-02-27 09:03:05,961 - INFO - Saved to DB: Fuminori Komatsu by Xinering
2026-02-27 09:03:05,962 - INFO - Saved to DB: Q14635358 by Danil Satria
2026-02-27 09:03:05,962 - INFO - Saved to DB: File:019-323 Сидоровичи, 29-08-2004.jpg by Red Winged Duck
2026-02-27 09:03:05,963 - INFO - Saved to DB: File:Charles of Orleans & Marie of Cleves.jpg by Guise
2026-02-27 09:03:05,964 - INFO - Saved to DB: Q136577743 by Epìdosis
2026-02-27 09:03:05,966 - INFO - Saved to DB: File:Mogilyovskiye gubernskiye vedomosti 1912 (microfilm) ScanPro 20003855.jpg by OptimusPrimeBot
2026-02-27 09:03:05,967 - INFO - Saved to DB: File:019-325 Сидоровичи, 29-08-2004.jpg by Red Winged Duck
2026-02-27 09:03:05,968 - INFO - Saved to DB: Pratunam Market by Zuck28
2026-02-27 09:03:05,969 - INFO - Saved to DB: Q33404 by A826
2026-02-27 09:03:05,970 - INFO - Saved to DB: იხინიო მორინიგო by GagaMumladze2020
2026-02-27 09:03:05,972 - INFO - Saved to DB: File:1992 United States Presidential election in Alabama results map by congressional district.svg by SchlurcherBot
2026-02-27 09:03:05,973 - INFO - Saved to DB: File:NLC892-412000007545-216160 大清會典 第29冊.pdf by SchlurcherBot
2026-02-27 09:03:05,974 - INFO - Saved to DB: File:019-324 Сидоровичи, 29-08-2004.jpg by Red Winged Duck
2026-02-27 09:03:05,975 - INFO - Saved to DB: عمر بن سعید فوطی by Tahir697
2026-02-27 09:03:05,976 - INFO - Saved to DB: Q138498164 by Daask
2026-02-27 09:03:05,977 - INFO - Saved to DB: 경북모빌리티고등학교 by Tcfc2349
2026-02-27 09:03:05,978 - INFO - Saved to DB: Q14641355 by Danil Satria
2026-02-27 09:03:05,979 - INFO - Saved to DB: Q133668154 by Epìdosis
2026-02-27 09:03:05,980 - INFO - Saved to DB: File:Mogilyovskiye gubernskiye vedomosti 1912 (microfilm) ScanPro 20003856.jpg by OptimusPrimeBot
2026-02-27 09:03:05,981 - INFO - Saved to DB: File:019-326 Сидоровичи, 29-08-2004.jpg by Red Winged Duck
2026-02-27 09:03:05,982 - INFO - Saved to DB: Q33411 by A826
2026-02-27 09:03:05,983 - INFO - Saved to DB: Q1959531 by NZXNV1
2026-02-27 09:03:05,984 - INFO - Saved to DB: Q33529593 by Egon Willighagen
2026-02-27 09:03:05,985 - INFO - Saved to DB: Q38394520 by Egon Willighagen
2026-02-27 09:03:05,986 - INFO - Saved to DB: File:019-327 Сидоровичи, 29-08-2004.jpg by Red Winged Duck
2026-02-27 09:03:05,987 - INFO - Saved to DB: File:Number 2916 - DPLA - 9e5f4ea42664bccbbbe9f9e64327e45b (page 93).tiff by SchlurcherBot
2026-02-27 09:03:05,988 - INFO - Saved to DB: Michael Spreng by Jevansen
2026-02-27 09:03:05,989 - INFO - Saved to DB: File:Civil society participation index, South America, 1884.svg by Mr.Ibrahembot
2026-02-27 09:03:05,989 - INFO - Saved to DB: File:Mogilyovskiye gubernskiye vedomosti 1912 (microfilm) ScanPro 20003857.jpg by OptimusPrimeBot
2026-02-27 09:03:05,990 - INFO - Saved to DB: Q13487105 by Danil Satria
2026-02-27 09:03:05,994 - INFO - Saved to DB: Q100723887 by Egon Willighagen
2026-02-27 09:03:05,995 - INFO - Saved to DB: Q33423 by A826
2026-02-27 09:03:05,996 - INFO - Saved to DB: Categori:Hanes yn ôl iaith a chyfnod by Craigysgafn
2026-02-27 09:03:06,000 - INFO - Saved to DB: Q136971427 by Epìdosis
2026-02-27 09:03:06,001 - INFO - Saved to DB: File:Mogilyovskiye gubernskiye vedomosti 1912 (microfilm) ScanPro 20003858.jpg by OptimusPrimeBot
2026-02-27 09:03:06,002 - INFO - Saved to DB: Q22831588 by CheWikibot
2026-02-27 09:03:06,004 - INFO - Saved to DB: Wikipedia:Help desk by Polygnotus
2026-02-27 09:03:06,005 - INFO - Saved to DB: Q138498212 by Kopdeifjogrpodfjiotrdfrpsok
2026-02-27 09:03:06,006 - INFO - Saved to DB: Finetti-diagram by Woudloper
2026-02-27 09:03:06,007 - INFO - Saved to DB: Regina José Galindo by Vtchjhn
2026-02-27 09:03:06,009 - INFO - Saved to DB: Q133511817 by Epìdosis
2026-02-27 09:03:06,010 - INFO - Saved to DB: New Jersey's 23rd legislative district by Staryu
2026-02-27 09:03:06,011 - INFO - Saved to DB: Q61833948 by Egon Willighagen
2026-02-27 09:03:06,012 - INFO - Saved to DB: Q33427 by A826
2026-02-27 09:03:06,013 - INFO - Saved to DB: Q14718993 by Danil Satria
2026-02-27 09:03:06,015 - INFO - Saved to DB: Kristiansand by SchlurcherBot
2026-02-27 09:03:06,016 - INFO - Saved to DB: 2025–26 FIS Ski Jumping World Cup by VovanAZAZ
2026-02-27 09:03:06,017 - INFO - Saved to DB: File:Mogilyovskiye gubernskiye vedomosti 1912 (microfilm) ScanPro 20003859.jpg by OptimusPrimeBot
2026-02-27 09:03:06,019 - INFO - Saved to DB: Q138495391 by Pi bot
2026-02-27 09:03:06,020 - INFO - Saved to DB: Q33431 by A826
2026-02-27 09:03:06,021 - INFO - Saved to DB: Q133668163 by Epìdosis
2026-02-27 09:03:06,029 - INFO - Saved to DB: Tokomāpuna Island / Aeroplane Island by Grutness
2026-02-27 09:03:06,031 - INFO - Saved to DB: File:Civil society participation index, South America, 1883.svg by Mr.Ibrahembot
2026-02-27 09:03:06,031 - INFO - Saved to DB: Q14628384 by Danil Satria
2026-02-27 09:03:06,033 - INFO - Saved to DB: Marc Casadó by Zzxt000000001
2026-02-27 09:03:06,034 - INFO - Saved to DB: File:Neuer Wasserturm, S, 2024 Kiskunfélegyháza.jpg by SchlurcherBot
2026-02-27 09:03:06,035 - INFO - Saved to DB: ביאור:הל"מ עירובין כד ב by מאירושולי
2026-02-27 09:03:06,037 - INFO - Saved to DB: File:Mogilyovskiye gubernskiye vedomosti 1912 (microfilm) ScanPro 20003860.jpg by OptimusPrimeBot
2026-02-27 09:03:06,038 - INFO - Saved to DB: Churie Spreng by Jevansen
2026-02-27 09:03:06,040 - INFO - Saved to DB: File:Annay-FR-58-monument aux morts-29.JPG by Rkieferbot
2026-02-27 09:03:06,042 - INFO - Saved to DB: Draft:Brentwood Eels RLFC by Rdiproof
2026-02-27 09:03:06,043 - INFO - Saved to DB: File:Welter Vinzenz von Paul Bonn.jpg by Marsupium
2026-02-27 09:03:06,044 - INFO - Saved to DB: Q135422812 by William Avery Bot
2026-02-27 09:03:06,045 - INFO - Saved to DB: Q133343398 by Epìdosis
2026-02-27 09:03:06,046 - INFO - Saved to DB: Q33434 by A826
2026-02-27 09:03:06,048 - INFO - Saved to DB: File:Mogilyovskiye gubernskiye vedomosti 1912 (microfilm) ScanPro 20003861.jpg by OptimusPrimeBot
2026-02-27 09:03:06,049 - INFO - Saved to DB: Q14673367 by Danil Satria
2026-02-27 09:03:06,050 - INFO - Saved to DB: File:M 4106917 ne 19 060 20210826.tif by DOPBot
2026-02-27 09:03:06,051 - INFO - Saved to DB: New Jersey's 24th legislative district by Staryu
2026-02-27 09:03:06,052 - INFO - Saved to DB: File:Village Père Noël Place Saint Cyr - Saint-Cyr-sur-Menthon (FR01) - 2023-12-24 - 9.jpg by SchlurcherBot
2026-02-27 09:03:06,054 - INFO - Saved to DB: File:1992 United States Presidential election in Nebraska results map by congressional district.svg by SchlurcherBot
2026-02-27 09:03:06,055 - INFO - Saved to DB: Q133668173 by Epìdosis
2026-02-27 09:03:06,056 - INFO - Saved to DB: File:Mogilyovskiye gubernskiye vedomosti 1912 (microfilm) ScanPro 20003862.jpg by OptimusPrimeBot
2026-02-27 09:03:06,058 - INFO - Saved to DB: Q100529813 by Egon Willighagen
2026-02-27 09:03:06,059 - INFO - Saved to DB: Q33436 by A826
2026-02-27 09:03:06,060 - INFO - Saved to DB: File:Annay-FR-58-monument aux morts-30.JPG by Rkieferbot
2026-02-27 09:03:06,062 - INFO - Saved to DB: Q17600964 by Bargioni
2026-02-27 09:03:06,063 - INFO - Saved to DB: Q38393213 by Egon Willighagen
2026-02-27 09:03:06,063 - INFO - Saved to DB: 蘇平仲文集 (四部叢刊本)/卷第一 by MidleadingBot
2026-02-27 09:03:06,065 - INFO - Saved to DB: Q14652240 by Danil Satria
2026-02-27 09:03:06,066 - INFO - Saved to DB: File:Mogilyovskiye gubernskiye vedomosti 1912 (microfilm) ScanPro 20003863.jpg by OptimusPrimeBot
2026-02-27 09:03:06,068 - INFO - Saved to DB: Q133735965 by Epìdosis
2026-02-27 09:03:06,069 - INFO - Saved to DB: Q22832048 by CheWikibot
2026-02-27 09:03:06,070 - INFO - Saved to DB: Stuart Whitman by Aka
2026-02-27 09:03:06,072 - INFO - Saved to DB: Q114027691 by Egon Willighagen
2026-02-27 09:03:06,073 - INFO - Saved to DB: File:20260072228244 GOES19-SUVI-Fe094-1200x1200.jpg by SchlurcherBot
2026-02-27 09:03:06,074 - INFO - Saved to DB: Q12365163 by Estopedist1
2026-02-27 09:03:06,075 - INFO - Saved to DB: Q33443 by A826
2026-02-27 09:03:06,077 - INFO - Saved to DB: File:Civil society participation index, South America, 1882.svg by Mr.Ibrahembot
2026-02-27 09:03:06,078 - INFO - Saved to DB: File:Melle Michaëlis - btv1b530656773.jpg by SchlurcherBot
2026-02-27 09:03:06,079 - INFO - Saved to DB: Q108078946 by Egon Willighagen
2026-02-27 09:03:06,080 - INFO - Saved to DB: Studentliv i Uppsala by ArildV
2026-02-27 09:03:06,082 - INFO - Saved to DB: Q14652195 by Danil Satria
2026-02-27 09:03:06,083 - INFO - Saved to DB: File:Annay-FR-58-église Sainte-Anne-31.JPG by Rkieferbot
2026-02-27 09:03:06,084 - INFO - Saved to DB: Genialità by Spinoziano
2026-02-27 09:03:06,085 - INFO - Saved to DB: File:Mogilyovskiye gubernskiye vedomosti 1912 (microfilm) ScanPro 20003864.jpg by OptimusPrimeBot
2026-02-27 09:03:06,086 - INFO - Saved to DB: মডিউল:Translator by Anaf Ibn Shahibul
2026-02-27 09:03:06,087 - INFO - Saved to DB: Greg Wilson (politician) by Jevansen
2026-02-27 09:03:06,088 - INFO - Saved to DB: File:Méaudre 8.jpg by SchlurcherBot
2026-02-27 09:03:06,089 - INFO - Saved to DB: Q136577745 by Epìdosis
2026-02-27 09:03:06,090 - INFO - Saved to DB: Q128215129 by Egon Willighagen
2026-02-27 09:03:06,092 - INFO - Saved to DB: Q33445 by A826
2026-02-27 09:03:06,093 - INFO - Saved to DB: Jack Wolfe (actor) by Poirot09
2026-02-27 09:03:06,094 - INFO - Saved to DB: voornemen by VitalikBot
2026-02-27 09:03:06,095 - INFO - Saved to DB: File:Mogilyovskiye gubernskiye vedomosti 1912 (microfilm) ScanPro 20003865.jpg by OptimusPrimeBot
2026-02-27 09:03:06,096 - INFO - Saved to DB: Wrike by Ddo4000
2026-02-27 09:03:06,097 - INFO - Saved to DB: Colin Watson (footballer) by Justin Kelly
2026-02-27 09:03:06,098 - INFO - Saved to DB: Q133668191 by Epìdosis
2026-02-27 09:03:06,099 - INFO - Saved to DB: 미호 신잔 by RhapsoDJ
2026-02-27 09:03:06,100 - INFO - Saved to DB: File:Annay-FR-58-mairie-32.JPG by Rkieferbot
2026-02-27 09:03:06,101 - INFO - Saved to DB: Q38373661 by Egon Willighagen
2026-02-27 09:03:06,103 - INFO - Saved to DB: Q33450 by A826
2026-02-27 09:03:06,104 - INFO - Saved to DB: File:Tensing Road, Ashby - geograph.org.uk - 2134803.jpg by SchlurcherBot
2026-02-27 09:03:06,105 - INFO - Saved to DB: File:Civil society participation index, South America, 1881.svg by Mr.Ibrahembot
2026-02-27 09:03:06,106 - INFO - Saved to DB: Q13490407 by Danil Satria
2026-02-27 09:03:06,107 - INFO - Saved to DB: Korean nationalism by The Account 2
2026-02-27 09:03:06,108 - INFO - Saved to DB: Utilisateur:Saitoyama/Brouillon th by Saitoyama
2026-02-27 09:03:06,110 - INFO - Saved to DB: File:Mogilyovskiye gubernskiye vedomosti 1912 (microfilm) ScanPro 20003866.jpg by OptimusPrimeBot
2026-02-27 09:03:06,111 - INFO - Saved to DB: Q5361907 by ~2026-12285-26
2026-02-27 09:03:06,112 - INFO - Saved to DB: File:M 4106917 ne 19 060 20210826.tif by DOPBot
2026-02-27 09:03:06,113 - INFO - Saved to DB: File:Talbot, William Henry Fox - »Die Lektüre« (Zeno Fotografie).jpg by SchlurcherBot
2026-02-27 09:03:06,114 - INFO - Saved to DB: Anexo:Torneo de Acapulco 2026 (individual masculino) by Alberto 1105
2026-02-27 09:03:06,116 - INFO - Saved to DB: Q90107444 by Egon Willighagen
2026-02-27 09:03:06,117 - INFO - Saved to DB: File:ISWA BaseSymbol 413.svg by SchlurcherBot
2026-02-27 09:03:06,118 - INFO - Saved to DB: Esperantista anni honorarius by Juvavum
2026-02-27 09:03:06,119 - INFO - Saved to DB: File:Mogilyovskiye gubernskiye vedomosti 1912 (microfilm) ScanPro 20003867.jpg by OptimusPrimeBot
2026-02-27 09:03:06,120 - INFO - Saved to DB: Q136971429 by Epìdosis
2026-02-27 09:03:06,121 - INFO - Saved to DB: Q16596973 by Jane023
2026-02-27 09:03:06,122 - INFO - Saved to DB: Q4199469 by Danil Satria
2026-02-27 09:03:06,124 - INFO - Saved to DB: File:FranciscoMakabulosjf7362 03.JPG by Seav
2026-02-27 09:03:06,125 - INFO - Saved to DB: File:Canadian Cemetery No.2 - 1.jpg by Rkieferbot
2026-02-27 09:03:06,126 - INFO - Saved to DB: 蘇平仲文集 (四部叢刊本)/卷第二 by MidleadingBot
2026-02-27 09:03:06,127 - INFO - Saved to DB: Brad White (politician) by Jevansen
2026-02-27 09:03:06,128 - INFO - Saved to DB: Q115178984 by Escarbot
2026-02-27 09:03:06,129 - INFO - Saved to DB: Q25316641 by J 1982
2026-02-27 09:03:06,130 - INFO - Saved to DB: File:Mogilyovskiye gubernskiye vedomosti 1912 (microfilm) ScanPro 20003868.jpg by OptimusPrimeBot
2026-02-27 09:03:06,131 - INFO - Saved to DB: Q38439009 by Egon Willighagen
2026-02-27 09:03:06,132 - INFO - Saved to DB: New Jersey's 25th legislative district by Staryu
2026-02-27 09:03:06,133 - INFO - Saved to DB: Q136971431 by Epìdosis
2026-02-27 09:03:06,134 - INFO - Saved to DB: Q22832134 by CheWikibot
2026-02-27 09:03:06,136 - INFO - Saved to DB: File:Entrega de Equipamentos para a Secretaria de Educação (52063010997).jpg by SchlurcherBot
2026-02-27 09:03:06,137 - INFO - Saved to DB: File:Mogilyovskiye gubernskiye vedomosti 1912 (microfilm) ScanPro 20003869.jpg by OptimusPrimeBot
2026-02-27 09:03:06,138 - INFO - Saved to DB: Q12519695 by Danil Satria
2026-02-27 09:03:06,139 - INFO - Saved to DB: File:The Philippine Islands. A political, Geographical, ethnographical, social and commercial history of the Philippine Archipelago and its political dependencies, embracing the whole period of Spanish (14592218187).jpg by SchlurcherBot
2026-02-27 09:03:06,141 - INFO - Saved to DB: Q91253693 by Egon Willighagen
2026-02-27 09:03:06,143 - INFO - Saved to DB: Q26800974 by Cewbot
2026-02-27 09:03:06,146 - INFO - Saved to DB: Strona:PL Ch Mérouvel Bogaci i biedni.djvu/258 by Terwa
2026-02-27 09:03:06,149 - INFO - Saved to DB: Projet:ENS Lyon/Normalienne by Amarois
2026-02-27 09:03:06,152 - INFO - Saved to DB: Василије Костов by Lotom
2026-02-27 09:03:06,153 - INFO - Saved to DB: File:Civil society participation index, South America, 1880.svg by Mr.Ibrahembot
2026-02-27 09:03:06,154 - INFO - Saved to DB: Q133668199 by Epìdosis
2026-02-27 09:03:06,155 - INFO - Saved to DB: File:'Darren' (30737041715).jpg by FlickrResourcesBot
2026-02-27 09:03:06,156 - INFO - Saved to DB: File:1994 Lexus LS 400 in Opal White Pearl, front left, 10-25-2025.jpg by SchlurcherBot
2026-02-27 09:03:06,157 - INFO - Saved to DB: File:Mogilyovskiye gubernskiye vedomosti 1912 (microfilm) ScanPro 20003870.jpg by OptimusPrimeBot
2026-02-27 09:03:06,158 - INFO - Saved to DB: File:Manufacturers Trust Company Building 510 Fifth Avenue.jpg by Rkieferbot
2026-02-27 09:03:06,159 - INFO - Saved to DB: File:Seasonal Wildnerness Rangers (12980128725).jpg by SchlurcherBot
2026-02-27 09:03:06,160 - INFO - Saved to DB: Q97523943 by Egon Willighagen
2026-02-27 09:03:06,161 - INFO - Saved to DB: Q12519481 by Danil Satria
2026-02-27 09:03:06,161 - INFO - Saved to DB: Michael Barthel (Politiker, 1899) by Seemannssonntag
2026-02-27 09:03:06,162 - INFO - Saved to DB: Κύπελλο Ελλάδας ερασιτεχνών ποδοσφαίρου 2008–09 by Vsatin
2026-02-27 09:03:06,163 - INFO - Saved to DB: File:Mogilyovskiye gubernskiye vedomosti 1912 (microfilm) ScanPro 20003871.jpg by OptimusPrimeBot
2026-02-27 09:03:06,164 - INFO - Saved to DB: Q133668208 by Epìdosis
2026-02-27 09:03:06,165 - INFO - Saved to DB: File:Tourism for Tomorrow Awards (39754796530).jpg by SchlurcherBot
2026-02-27 09:03:06,166 - INFO - Saved to DB: File:Madrid en el 2 de mayo - drama de costumbres populares en tres actos y en verso (IA madridenel2demay16113esca).pdf by Herodotptlomeu
2026-02-27 09:03:06,166 - INFO - Saved to DB: Tony Lewis (politician) by Jevansen
2026-02-27 09:03:06,167 - INFO - Saved to DB: File:Mogilyovskiye gubernskiye vedomosti 1912 (microfilm) ScanPro 20003872.jpg by OptimusPrimeBot
2026-02-27 09:03:06,168 - INFO - Saved to DB: Q2025957 by Carlinmack
2026-02-27 09:03:06,169 - INFO - Saved to DB: Q39322042 by Egon Willighagen
2026-02-27 09:03:06,169 - INFO - Saved to DB: File:Children of Bodom - Alexi Laiho 03.jpg by Rkieferbot
2026-02-27 09:03:06,171 - INFO - Saved to DB: Category:December 2015 Haute-Normandie photographs by Gzen92
2026-02-27 09:03:06,172 - INFO - Saved to DB: Q13544595 by Danil Satria
2026-02-27 09:03:06,173 - INFO - Saved to DB: Category:Crooked Creek Lake by Pi bot
2026-02-27 09:03:06,173 - INFO - Saved to DB: Q12275794 by Tolea93
2026-02-27 09:03:06,174 - INFO - Saved to DB: Q133511825 by Epìdosis
2026-02-27 09:03:06,175 - INFO - Saved to DB: File:Civil society participation index, South America, 1879.svg by Mr.Ibrahembot
2026-02-27 09:03:06,176 - INFO - Saved to DB: File:INDUS F01015 Bouw-van-metselwerk-voor-textielfabriek-La-Lys-nv-in-Gent.jpg by SchlurcherBot
2026-02-27 09:03:06,177 - INFO - Saved to DB: File:Mogilyovskiye gubernskiye vedomosti 1912 (microfilm) ScanPro 20003873.jpg by OptimusPrimeBot
2026-02-27 09:03:06,178 - INFO - Saved to DB: Zach Top by Frodlekis
2026-02-27 09:03:06,178 - INFO - Saved to DB: File:Tatjana Dohrn.jpg by Shyamal
2026-02-27 09:03:06,179 - INFO - Saved to DB: Discussioni utente:~2026-95473-5 by Torque
2026-02-27 09:03:06,180 - INFO - Saved to DB: Q38379724 by Egon Willighagen
2026-02-27 09:03:06,181 - INFO - Saved to DB: Q12521049 by Danil Satria
2026-02-27 09:03:06,182 - INFO - Saved to DB: File:Mogilyovskiye gubernskiye vedomosti 1912 (microfilm) ScanPro 20003874.jpg by OptimusPrimeBot
2026-02-27 09:03:06,183 - INFO - Saved to DB: File:Detall d'una font al monestir de Sant Cugat del Vallès.jpeg by SchlurcherBot
2026-02-27 09:03:06,183 - INFO - Saved to DB: Q22832148 by CheWikibot
2026-02-27 09:03:06,184 - INFO - Saved to DB: File:2013 Besucherkanzel Röthen 07.JPG by Rkieferbot
2026-02-27 09:03:06,185 - INFO - Saved to DB: Q133668218 by Epìdosis
2026-02-27 09:03:06,186 - INFO - Saved to DB: Q111150078 by Egon Willighagen
2026-02-27 09:03:06,187 - INFO - Saved to DB: Banská Štiavnica by Cagliost
2026-02-27 09:03:06,188 - INFO - Saved to DB: File:St Aug Nat Cemetery Dade mnmts plaque01.jpg by SchlurcherBot
2026-02-27 09:03:06,189 - INFO - Saved to DB: breekijzer by Kvdrgeus
2026-02-27 09:03:06,189 - INFO - Saved to DB: Template talk:Infobox settlement by Joy
2026-02-27 09:03:06,190 - INFO - Saved to DB: Q12491442 by Danil Satria
2026-02-27 09:03:06,191 - INFO - Saved to DB: File:Mogilyovskiye gubernskiye vedomosti 1912 (microfilm) ScanPro 20003875.jpg by OptimusPrimeBot
2026-02-27 09:03:06,192 - INFO - Saved to DB: Q88532577 by Egon Willighagen
2026-02-27 09:03:06,193 - INFO - Saved to DB: File:Mogilyovskiye gubernskiye vedomosti 1912 (microfilm) ScanPro 20003876.jpg by OptimusPrimeBot
2026-02-27 09:03:06,194 - INFO - Saved to DB: User:Ttocserp/Carnot engine by Ttocserp
2026-02-27 09:03:06,194 - INFO - Saved to DB: File:Edward groat (FindID 948383).jpg by SchlurcherBot
2026-02-27 09:03:06,195 - INFO - Saved to DB: Q138498183 by MrSIKhan2025
2026-02-27 09:03:06,196 - INFO - Saved to DB: Q136636955 by Epìdosis
2026-02-27 09:03:06,197 - INFO - Saved to DB: Phil Isner by Jevansen
2026-02-27 09:03:06,198 - INFO - Saved to DB: Q129335627 by Egon Willighagen
2026-02-27 09:03:06,199 - INFO - Saved to DB: Q13544594 by Danil Satria
2026-02-27 09:03:06,199 - INFO - Saved to DB: 경북모빌리티고등학교 by Tcfc2349
2026-02-27 09:03:06,200 - INFO - Saved to DB: 蘇平仲文集 (四部叢刊本)/卷第三 by MidleadingBot
2026-02-27 09:03:06,201 - INFO - Saved to DB: File:Civil society participation index, South America, 1878.svg by Mr.Ibrahembot
2026-02-27 09:03:06,202 - INFO - Saved to DB: File:Canadian Cemetery No.2 - 2.jpg by Rkieferbot
2026-02-27 09:03:06,203 - INFO - Saved to DB: Projet:Sport/Articles récents by NaggoBot
2026-02-27 09:03:06,204 - INFO - Saved to DB: File:Mogilyovskiye gubernskiye vedomosti 1912 (microfilm) ScanPro 20003877.jpg by OptimusPrimeBot
2026-02-27 09:03:06,205 - INFO - Saved to DB: New Jersey's 26th legislative district by Staryu
2026-02-27 09:03:06,205 - INFO - Saved to DB: Əl-Əsmai by Medineli92
2026-02-27 09:03:06,206 - INFO - Saved to DB: Q128215127 by Egon Willighagen
2026-02-27 09:03:06,207 - INFO - Saved to DB: Q136643549 by Epìdosis
2026-02-27 09:03:06,208 - INFO - Saved to DB: File:1994 Lexus LS 400 in Opal White Pearl, rear left, 10-25-2025.jpg by SchlurcherBot
2026-02-27 09:03:06,209 - INFO - Saved to DB: Ski alpin aux Jeux olympiques by Conquistador3
2026-02-27 09:03:06,210 - INFO - Saved to DB: File:Méthode de contre-basse - bpt6k1162384d (057 of 168).jpg by SchlurcherBot
2026-02-27 09:03:06,211 - INFO - Saved to DB: File:Mogilyovskiye gubernskiye vedomosti 1912 (microfilm) ScanPro 20003878.jpg by OptimusPrimeBot
2026-02-27 09:03:06,214 - INFO - Saved to DB: Q33463 by A826
2026-02-27 09:03:06,215 - INFO - Saved to DB: Q12495470 by Danil Satria
2026-02-27 09:03:06,219 - INFO - Saved to DB: File:LL-Q1860 (eng)-Vealhurl-redress (re-).wav by SchlurcherBot
2026-02-27 09:03:06,225 - INFO - Saved to DB: Utente:Mister IP del progetto calcio/RegalinoPerCamelia by ~2026-11201-92
2026-02-27 09:03:06,226 - INFO - Saved to DB: Q62493170 by Egon Willighagen
2026-02-27 09:03:06,228 - INFO - Saved to DB: Q138498213 by Rhode-Moyer
2026-02-27 09:03:06,229 - INFO - Saved to DB: Q133668225 by Epìdosis
2026-02-27 09:03:06,230 - INFO - Saved to DB: 過去に存在した関東地区のダイエーの店舗 by 京浜島 太郎
2026-02-27 09:03:06,231 - INFO - Saved to DB: Category:Quarterly argent and gules, in the second and third quarters a fret or by Kontributor 2K
2026-02-27 09:03:06,231 - INFO - Saved to DB: Filmfare Award for Best Film – Kannada by Chprem
2026-02-27 09:03:06,232 - INFO - Saved to DB: Q59151078 by J 1982
2026-02-27 09:03:06,233 - INFO - Saved to DB: Edithvale railway station by PEPSI697
2026-02-27 09:03:06,234 - INFO - Saved to DB: Q2611253 by Bot Bozze
2026-02-27 09:03:06,236 - INFO - Saved to DB: 세 개의 시선 by ~2026-10455-03
2026-02-27 09:03:06,237 - INFO - Saved to DB: Frederick Federici by InternetArchiveBot
2026-02-27 09:03:06,238 - INFO - Saved to DB: File:Mogilyovskiye gubernskiye vedomosti 1912 (microfilm) ScanPro 20003879.jpg by OptimusPrimeBot
2026-02-27 09:03:06,241 - INFO - Saved to DB: Q33467 by A826
2026-02-27 09:03:06,242 - INFO - Saved to DB: Sinter by Aka
2026-02-27 09:03:06,243 - INFO - Saved to DB: Q98200726 by Egon Willighagen
2026-02-27 09:03:06,245 - INFO - Saved to DB: Q12490011 by Danil Satria
2026-02-27 09:03:06,246 - INFO - Saved to DB: File:Crkva Sv. Ilija Gornokonjarski (1).JPG by Rkieferbot
2026-02-27 09:03:06,247 - INFO - Saved to DB: Camille Bulcke by Bot Bozze
2026-02-27 09:03:06,248 - INFO - Saved to DB: Q111132360 by Basilic25
2026-02-27 09:03:06,249 - INFO - Saved to DB: Q138498213 by Rhode-Moyer
2026-02-27 09:03:06,250 - INFO - Saved to DB: File:Sidewall (France), 1810–30 (CH 18476535).jpg by SchlurcherBot
2026-02-27 09:03:06,251 - INFO - Saved to DB: Q22832194 by CheWikibot
2026-02-27 09:03:06,252 - INFO - Saved to DB: File:Mogilyovskiye gubernskiye vedomosti 1912 (microfilm) ScanPro 20003880.jpg by OptimusPrimeBot
2026-02-27 09:03:06,253 - INFO - Saved to DB: File:Civil society participation index, South America, 1877.svg by Mr.Ibrahembot
2026-02-27 09:03:06,254 - INFO - Saved to DB: Q133735967 by Epìdosis
2026-02-27 09:03:06,255 - INFO - Saved to DB: New Jersey's 27th legislative district by Staryu
2026-02-27 09:03:06,256 - INFO - Saved to DB: Q111132360 by Basilic25
2026-02-27 09:03:06,257 - INFO - Saved to DB: File:Purple Skies Farm Utilized the NRCS High Tunnel Initiative and Conservation Stewardship Program (20210726-NRCS-BD-15).jpg by OptimusPrimeBot
2026-02-27 09:03:06,257 - INFO - Saved to DB: Q33464 by A826
2026-02-27 09:03:06,258 - INFO - Saved to DB: Q13544593 by Danil Satria
2026-02-27 09:03:06,259 - INFO - Saved to DB: Talibdin El-Amin by Jevansen
2026-02-27 09:03:06,260 - INFO - Saved to DB: File:121st maintenance and air crew personnel support NATO aircraft refueling (5935419).jpg by SchlurcherBot
2026-02-27 09:03:06,261 - INFO - Saved to DB: Q47752117 by Egon Willighagen
2026-02-27 09:03:06,261 - INFO - Saved to DB: Q111132360 by Basilic25
2026-02-27 09:03:06,262 - INFO - Saved to DB: File:Mogilyovskiye gubernskiye vedomosti 1912 (microfilm) ScanPro 20003881.jpg by OptimusPrimeBot
2026-02-27 09:03:06,263 - INFO - Saved to DB: User:Aradicus77/sandbox by Aradicus77
2026-02-27 09:03:06,264 - INFO - Saved to DB: File:Dgm1 32 408 5654 1 nw 2021.tif by SchlurcherBot
2026-02-27 09:03:06,264 - INFO - Saved to DB: Q92752511 by Egon Willighagen
2026-02-27 09:03:06,265 - INFO - Saved to DB: Giardino dei Giusti by Marica Massaro
2026-02-27 09:03:06,266 - INFO - Saved to DB: Q136577747 by Epìdosis
2026-02-27 09:03:06,267 - INFO - Saved to DB: Rheingrafen by Tfjt
2026-02-27 09:03:06,267 - INFO - Saved to DB: File:Crkva Sv. Ilija Gornokonjarski (10).JPG by Rkieferbot
2026-02-27 09:03:06,268 - INFO - Saved to DB: Wedding Cake Island by Grutness
2026-02-27 09:03:06,269 - INFO - Saved to DB: Ferry Rotinsulu by Denisarona
2026-02-27 09:03:06,270 - INFO - Saved to DB: Bộ Quốc phòng (Việt Nam) by Đinh Hoàng Bảo Khanh
2026-02-27 09:03:06,271 - INFO - Saved to DB: Q33491 by A826
2026-02-27 09:03:06,274 - INFO - Saved to DB: Basketbalová extraliga žien 2015/16 by InternetArchiveBot
2026-02-27 09:03:06,275 - INFO - Saved to DB: File:M 4106917 nw 19 060 20210826.tif by DOPBot
2026-02-27 09:03:06,276 - INFO - Saved to DB: Debaser by InternetArchiveBot
2026-02-27 09:03:06,278 - INFO - Saved to DB: File:Beach pavillion in Savonlinna.jpg by Periegetes
2026-02-27 09:03:06,279 - INFO - Saved to DB: Q13544591 by Danil Satria
2026-02-27 09:03:06,281 - INFO - Saved to DB: File:Libčice nad Vltavou, škola.jpg by SchlurcherBot
2026-02-27 09:03:06,282 - INFO - Saved to DB: User talk:Fotointheworld by Fotointheworld
2026-02-27 09:03:06,283 - INFO - Saved to DB: Q138498204 by Victormailloux
2026-02-27 09:03:06,286 - INFO - Saved to DB: Q138498199 by JudithShe
2026-02-27 09:03:06,287 - INFO - Saved to DB: Q33503 by A826
2026-02-27 09:03:06,288 - INFO - Saved to DB: Template:ワールド・ベースボール・クラシック メキシコ代表 by ミラー・ハイト
2026-02-27 09:03:06,291 - INFO - Saved to DB: File:Auto 2024, Zurich (PANA1025).jpg by MB-one
2026-02-27 09:03:06,292 - INFO - Saved to DB: Q136991153 by Epìdosis
2026-02-27 09:03:06,293 - INFO - Saved to DB: Q138498206 by Gautlang
2026-02-27 09:03:06,296 - INFO - Saved to DB: Wikipedia:Kahvihuone (käytännöt) by Lentokonefani
2026-02-27 09:03:06,297 - INFO - Saved to DB: File:Beetzstrasse 1 - Muenchen.JPG by Rkieferbot
2026-02-27 09:03:06,298 - INFO - Saved to DB: 蘇平仲文集 (四部叢刊本)/卷第四 by MidleadingBot
2026-02-27 09:03:06,300 - INFO - Saved to DB: File:Civil society participation index, South America, 1876.svg by Mr.Ibrahembot
2026-02-27 09:03:06,301 - INFO - Saved to DB: Премія «Золотий глобус» за найкращу жіночу роль — драма by LesDrow
2026-02-27 09:03:06,303 - INFO - Saved to DB: Q12484829 by Danil Satria
2026-02-27 09:03:06,305 - INFO - Saved to DB: Q133410672 by Epìdosis
2026-02-27 09:03:06,308 - INFO - Saved to DB: Q132745957 by Pi bot
2026-02-27 09:03:06,309 - INFO - Saved to DB: Q26800974 by Cewbot
2026-02-27 09:03:06,312 - INFO - Saved to DB: Portail:Théâtre/Articles récents by OrlodrimBot
2026-02-27 09:03:06,313 - INFO - Saved to DB: Q33500 by A826
2026-02-27 09:03:06,314 - INFO - Saved to DB: Q138498215 by Riratri
2026-02-27 09:03:06,316 - INFO - Saved to DB: Autoimmune optic neuropathy by Ah1244
2026-02-27 09:03:06,317 - INFO - Saved to DB: Q33501 by A826
2026-02-27 09:03:06,318 - INFO - Saved to DB: Q12487811 by Danil Satria
2026-02-27 09:03:06,319 - INFO - Saved to DB: File:1994-09-24 XVII-Concurso-Paranaense-Bandas-Fanfarras Curitiba Banda-Tibagi Juvenil Campeã 02.jpg by SchlurcherBot
2026-02-27 09:03:06,320 - INFO - Saved to DB: Q22834026 by CheWikibot
2026-02-27 09:03:06,321 - INFO - Saved to DB: Q38398165 by Egon Willighagen
2026-02-27 09:03:06,321 - INFO - Saved to DB: File:Crkva Sv. Ilija Gornokonjarski (11).JPG by Rkieferbot
2026-02-27 09:03:06,322 - INFO - Saved to DB: File:1968 Columbus City Bulletin - DPLA - 9aa771f0d1147fd0b0ccac9b75761587 (page 847).jpg by SchlurcherBot
2026-02-27 09:03:06,323 - INFO - Saved to DB: William Current by Jevansen
2026-02-27 09:03:06,324 - INFO - Saved to DB: Q133343578 by Epìdosis
2026-02-27 09:03:06,325 - INFO - Saved to DB: Q38398025 by Egon Willighagen
2026-02-27 09:03:06,326 - INFO - Saved to DB: عمر بن سعید فوطی by Tahir697
2026-02-27 09:03:06,326 - INFO - Saved to DB: File:Civil society participation index, South America, 1875.svg by Mr.Ibrahembot
2026-02-27 09:03:06,327 - INFO - Saved to DB: 1942 by Bernhard Diener
2026-02-27 09:03:06,328 - INFO - Saved to DB: File:Белгородская слобода 2013 50.JPG by SchlurcherBot
2026-02-27 09:03:06,329 - INFO - Saved to DB: Q13544590 by Danil Satria
2026-02-27 09:03:06,330 - INFO - Saved to DB: Q25225263 by J 1982
2026-02-27 09:03:06,331 - INFO - Saved to DB: File:Abbaye Saint-Vincent de Senlis. Façade sud vue de la rue Saint-Lazare (faubourg Saint-Etienne).jpg by VVVCFFrance
2026-02-27 09:03:06,332 - INFO - Saved to DB: Q120411430 by Egon Willighagen
2026-02-27 09:03:06,333 - INFO - Saved to DB: Q33516 by A826
2026-02-27 09:03:06,334 - INFO - Saved to DB: File:Nagoya City Tram & Subway Museum 10.JPG by Dekai hikigaeru
2026-02-27 09:03:06,335 - INFO - Saved to DB: Victor Williams by InternetArchiveBot
2026-02-27 09:03:06,335 - INFO - Saved to DB: Q133394198 by Epìdosis
2026-02-27 09:03:06,336 - INFO - Saved to DB: File:M 4106917 nw 19 060 20210826.tif by DOPBot
2026-02-27 09:03:06,337 - INFO - Saved to DB: File:Integrated Task Force Machine Gunners conduct offensive operations during MCOTEA assessment 150330-M-ZM882-065.jpg by SchlurcherBot
2026-02-27 09:03:06,338 - INFO - Saved to DB: Marina Dobrovolskaya by ChrysGalley
2026-02-27 09:03:06,339 - INFO - Saved to DB: Q115212928 by Egon Willighagen
2026-02-27 09:03:06,340 - INFO - Saved to DB: 蘇平仲文集 (四部叢刊本)/卷第五 by MidleadingBot
2026-02-27 09:03:06,341 - INFO - Saved to DB: Q12490689 by Danil Satria
2026-02-27 09:03:06,342 - INFO - Saved to DB: File:Dolmen de Kerguéran 5419.JPG by Rkieferbot
2026-02-27 09:03:06,343 - INFO - Saved to DB: Q33537 by A826
2026-02-27 09:03:06,343 - INFO - Saved to DB: File:Pampa de Nahuel Huapí vista desde el aeropuerto 02.jpg by SchlurcherBot
2026-02-27 09:03:06,344 - INFO - Saved to DB: Category:ALDI supermarkets in Germany by city by Andreas Wolf 01
2026-02-27 09:03:06,345 - INFO - Saved to DB: New Jersey's 28th legislative district by Staryu
2026-02-27 09:03:06,346 - INFO - Saved to DB: Q89557937 by Egon Willighagen
2026-02-27 09:03:06,347 - INFO - Saved to DB: Q136577749 by Epìdosis
2026-02-27 09:03:06,348 - INFO - Saved to DB: Dick Schoof by Andrei Stroe
2026-02-27 09:03:06,349 - INFO - Saved to DB: File:紅尾伯勞 (25460743793).jpg by SchlurcherBot
2026-02-27 09:03:06,350 - INFO - Saved to DB: Q116968641 by Luda.slominska
2026-02-27 09:03:06,351 - INFO - Saved to DB: Wikipedia:WikiProject Women in Red/Outreach/Q-Z by Ipigott
2026-02-27 09:03:06,351 - INFO - Saved to DB: Q12519000 by Danil Satria
2026-02-27 09:03:06,352 - INFO - Saved to DB: File:Welter Antonius von Padua Bonn.jpg by Marsupium
2026-02-27 09:03:06,353 - INFO - Saved to DB: Q33541 by A826
2026-02-27 09:03:06,354 - INFO - Saved to DB: Cá lanh by Thái Nhi
2026-02-27 09:03:06,355 - INFO - Saved to DB: Q133410675 by Epìdosis
2026-02-27 09:03:06,356 - INFO - Saved to DB: Q130833126 by Egon Willighagen
2026-02-27 09:03:06,357 - INFO - Saved to DB: Saransk by SchlurcherBot
2026-02-27 09:03:06,359 - INFO - Saved to DB: Jazz-Nekrolog 2026 by Engelbaet
2026-02-27 09:03:06,360 - INFO - Saved to DB: File:Dolmen de Kerguéran 5417.JPG by Rkieferbot
2026-02-27 09:03:06,361 - INFO - Saved to DB: File:Civil society participation index, South America, 1874.svg by Mr.Ibrahembot
2026-02-27 09:03:06,362 - INFO - Saved to DB: Classifica di presenze nella NBA by Radici79
2026-02-27 09:03:06,364 - INFO - Saved to DB: Q12501829 by Danil Satria
2026-02-27 09:03:06,368 - INFO - Saved to DB: Q55305465 by MILEPRI
2026-02-27 09:03:06,371 - INFO - Saved to DB: File:LL-Q809 (pol)-Olaf-Nowy Bytom.wav by SchlurcherBot
2026-02-27 09:03:06,372 - INFO - Saved to DB: Q22834170 by CheWikibot
2026-02-27 09:03:06,373 - INFO - Saved to DB: Q57706986 by Egon Willighagen
2026-02-27 09:03:06,378 - INFO - Saved to DB: Q33557 by A826
2026-02-27 09:03:06,382 - INFO - Saved to DB: Donald Davis (North Carolina Republican politician) by Jevansen
2026-02-27 09:03:06,383 - INFO - Saved to DB: Sarax curioi by PeterR
2026-02-27 09:03:06,385 - INFO - Saved to DB: Q133343601 by Epìdosis
2026-02-27 09:03:06,389 - INFO - Saved to DB: Q1332798 by ~2026-12251-85
2026-02-27 09:03:06,393 - INFO - Saved to DB: File:Road, Corranstilbeg - geograph.org.uk - 6046598.jpg by SchlurcherBot
2026-02-27 09:03:06,394 - INFO - Saved to DB: File:'Caroline' (27696291766).jpg by FlickrResourcesBot
2026-02-27 09:03:06,398 - INFO - Saved to DB: Benutzer:User85521/Sandbox by User85521
2026-02-27 09:03:06,400 - INFO - Saved to DB: Q12501842 by Danil Satria
2026-02-27 09:03:06,402 - INFO - Saved to DB: Q138498177 by MHM55
2026-02-27 09:03:06,405 - INFO - Saved to DB: Q33563 by A826
2026-02-27 09:03:06,408 - INFO - Saved to DB: File:Dolmen de Kerguéran 5418.JPG by Rkieferbot
2026-02-27 09:03:06,409 - INFO - Saved to DB: File:Illinois 14 (1950).svg by SchlurcherBot
2026-02-27 09:03:06,410 - INFO - Saved to DB: Xenotím-(Gd) by Mineralog sk
2026-02-27 09:03:06,411 - INFO - Saved to DB: Q33578 by A826
